Component: ARM Compiler 5.06 update 6 (build 750) Tool: armlink [4d35ed]

==============================================================================

Section Cross References

    main.o(i.Main_Init) refers to misc.o(i.NVIC_PriorityGroupConfig) for NVIC_PriorityGroupConfig
    main.o(i.Main_Init) refers to delay.o(i.delay_init) for delay_init
    main.o(i.Main_Init) refers to usart.o(i.uart_init) for uart_init
    main.o(i.Main_Init) refers to led.o(i.LED_Init) for LED_Init
    main.o(i.Main_Init) refers to tft.o(i.LCD_Init) for LCD_Init
    main.o(i.Main_Init) refers to key.o(i.KEY_Init) for KEY_Init
    main.o(i.Main_Init) refers to timer.o(i.TIM3_Int_Init) for TIM3_Int_Init
    main.o(i.Main_Init) refers to lv_obj.o(i.lv_init) for lv_init
    main.o(i.Main_Init) refers to lv_port_disp.o(i.lv_port_disp_init) for lv_port_disp_init
    main.o(i.main) refers to main.o(i.Main_Init) for Main_Init
    main.o(i.main) refers to lv_img_test.o(i.lv_img_test_start) for lv_img_test_start
    main.o(i.main) refers to lv_task.o(i.lv_task_handler) for lv_task_handler
    main.o(i.main) refers to lv_img_test.o(i.key_handler) for key_handler
    system_stm32f4xx.o(i.SystemCoreClockUpdate) refers to system_stm32f4xx.o(.data) for SystemCoreClock
    system_stm32f4xx.o(i.SystemInit) refers to system_stm32f4xx.o(i.SetSysClock) for SetSysClock
    startup_stm32f411xe.o(STACK) refers (Special) to heapauxi.o(.text) for __use_two_region_memory
    startup_stm32f411xe.o(HEAP) refers (Special) to heapauxi.o(.text) for __use_two_region_memory
    startup_stm32f411xe.o(RESET) refers (Special) to heapauxi.o(.text) for __use_two_region_memory
    startup_stm32f411xe.o(RESET) refers to startup_stm32f411xe.o(STACK) for __initial_sp
    startup_stm32f411xe.o(RESET) refers to startup_stm32f411xe.o(.text) for Reset_Handler
    startup_stm32f411xe.o(RESET) refers to stm32f4xx_it.o(i.NMI_Handler) for NMI_Handler
    startup_stm32f411xe.o(RESET) refers to stm32f4xx_it.o(i.HardFault_Handler) for HardFault_Handler
    startup_stm32f411xe.o(RESET) refers to stm32f4xx_it.o(i.MemManage_Handler) for MemManage_Handler
    startup_stm32f411xe.o(RESET) refers to stm32f4xx_it.o(i.BusFault_Handler) for BusFault_Handler
    startup_stm32f411xe.o(RESET) refers to stm32f4xx_it.o(i.UsageFault_Handler) for UsageFault_Handler
    startup_stm32f411xe.o(RESET) refers to stm32f4xx_it.o(i.SVC_Handler) for SVC_Handler
    startup_stm32f411xe.o(RESET) refers to stm32f4xx_it.o(i.DebugMon_Handler) for DebugMon_Handler
    startup_stm32f411xe.o(RESET) refers to stm32f4xx_it.o(i.PendSV_Handler) for PendSV_Handler
    startup_stm32f411xe.o(RESET) refers to rtc.o(i.RTC_WKUP_IRQHandler) for RTC_WKUP_IRQHandler
    startup_stm32f411xe.o(RESET) refers to timer.o(i.TIM3_IRQHandler) for TIM3_IRQHandler
    startup_stm32f411xe.o(RESET) refers to usart.o(i.USART1_IRQHandler) for USART1_IRQHandler
    startup_stm32f411xe.o(RESET) refers to rtc.o(i.RTC_Alarm_IRQHandler) for RTC_Alarm_IRQHandler
    startup_stm32f411xe.o(.text) refers (Special) to heapauxi.o(.text) for __use_two_region_memory
    startup_stm32f411xe.o(.text) refers to system_stm32f4xx.o(i.SystemInit) for SystemInit
    startup_stm32f411xe.o(.text) refers to __main.o(!!!main) for __main
    startup_stm32f411xe.o(.text) refers to startup_stm32f411xe.o(HEAP) for Heap_Mem
    startup_stm32f411xe.o(.text) refers to startup_stm32f411xe.o(STACK) for Stack_Mem
    stm32f4xx_adc.o(i.ADC_DeInit) refers to stm32f4xx_rcc.o(i.RCC_APB2PeriphResetCmd) for RCC_APB2PeriphResetCmd
    stm32f4xx_can.o(i.CAN_DeInit) refers to stm32f4xx_rcc.o(i.RCC_APB1PeriphResetCmd) for RCC_APB1PeriphResetCmd
    stm32f4xx_can.o(i.CAN_GetITStatus) refers to stm32f4xx_can.o(i.CheckITStatus) for CheckITStatus
    stm32f4xx_cryp.o(i.CRYP_DeInit) refers to stm32f4xx_rcc.o(i.RCC_AHB2PeriphResetCmd) for RCC_AHB2PeriphResetCmd
    stm32f4xx_cryp_aes.o(i.CRYP_AES_CBC) refers to stm32f4xx_cryp.o(i.CRYP_KeyStructInit) for CRYP_KeyStructInit
    stm32f4xx_cryp_aes.o(i.CRYP_AES_CBC) refers to stm32f4xx_cryp.o(i.CRYP_FIFOFlush) for CRYP_FIFOFlush
    stm32f4xx_cryp_aes.o(i.CRYP_AES_CBC) refers to stm32f4xx_cryp.o(i.CRYP_Init) for CRYP_Init
    stm32f4xx_cryp_aes.o(i.CRYP_AES_CBC) refers to stm32f4xx_cryp.o(i.CRYP_KeyInit) for CRYP_KeyInit
    stm32f4xx_cryp_aes.o(i.CRYP_AES_CBC) refers to stm32f4xx_cryp.o(i.CRYP_Cmd) for CRYP_Cmd
    stm32f4xx_cryp_aes.o(i.CRYP_AES_CBC) refers to stm32f4xx_cryp.o(i.CRYP_GetFlagStatus) for CRYP_GetFlagStatus
    stm32f4xx_cryp_aes.o(i.CRYP_AES_CBC) refers to stm32f4xx_cryp.o(i.CRYP_IVInit) for CRYP_IVInit
    stm32f4xx_cryp_aes.o(i.CRYP_AES_CBC) refers to stm32f4xx_cryp.o(i.CRYP_GetCmdStatus) for CRYP_GetCmdStatus
    stm32f4xx_cryp_aes.o(i.CRYP_AES_CBC) refers to stm32f4xx_cryp.o(i.CRYP_DataIn) for CRYP_DataIn
    stm32f4xx_cryp_aes.o(i.CRYP_AES_CBC) refers to stm32f4xx_cryp.o(i.CRYP_DataOut) for CRYP_DataOut
[...]
    __rt_lib_init_preinit_1                  0x08000253   Thumb Code     0  libinit2.o(.ARM.Collect$$libinit$$00000004)
    __rt_lib_init_rand_1                     0x08000253   Thumb Code     0  libinit2.o(.ARM.Collect$$libinit$$0000000E)
    __rt_lib_init_return                     0x08000253   Thumb Code     0  libinit2.o(.ARM.Collect$$libinit$$00000033)
    __rt_lib_init_signal_1                   0x08000253   Thumb Code     0  libinit2.o(.ARM.Collect$$libinit$$0000001D)
    __rt_lib_init_stdio_1                    0x08000253   Thumb Code     0  libinit2.o(.ARM.Collect$$libinit$$00000025)
    __rt_lib_init_user_alloc_1               0x08000253   Thumb Code     0  libinit2.o(.ARM.Collect$$libinit$$0000000C)
    __rt_lib_shutdown                        0x08000255   Thumb Code     0  libshutdown.o(.ARM.Collect$$libshutdown$$00000000)
    __rt_lib_shutdown_cpp_1                  0x08000257   Thumb Code     0  libshutdown2.o(.ARM.Collect$$libshutdown$$00000002)
    __rt_lib_shutdown_fp_trap_1              0x08000257   Thumb Code     0  libshutdown2.o(.ARM.Collect$$libshutdown$$00000007)
    __rt_lib_shutdown_heap_1                 0x08000257   Thumb Code     0  libshutdown2.o(.ARM.Collect$$libshutdown$$0000000F)
    __rt_lib_shutdown_return                 0x08000257   Thumb Code     0  libshutdown2.o(.ARM.Collect$$libshutdown$$00000010)
    __rt_lib_shutdown_signal_1               0x08000257   Thumb Code     0  libshutdown2.o(.ARM.Collect$$libshutdown$$0000000A)
    __rt_lib_shutdown_stdio_1                0x08000257   Thumb Code     0  libshutdown2.o(.ARM.Collect$$libshutdown$$00000004)
    __rt_lib_shutdown_user_alloc_1           0x08000257   Thumb Code     0  libshutdown2.o(.ARM.Collect$$libshutdown$$0000000C)
    __rt_entry                               0x08000259   Thumb Code     0  __rtentry.o(.ARM.Collect$$rtentry$$00000000)
    __rt_entry_presh_1                       0x08000259   Thumb Code     0  __rtentry2.o(.ARM.Collect$$rtentry$$00000002)
    __rt_entry_sh                            0x08000259   Thumb Code     0  __rtentry4.o(.ARM.Collect$$rtentry$$00000004)
    __rt_entry_li                            0x0800025f   Thumb Code     0  __rtentry2.o(.ARM.Collect$$rtentry$$0000000A)
    __rt_entry_postsh_1                      0x0800025f   Thumb Code     0  __rtentry2.o(.ARM.Collect$$rtentry$$00000009)
    __rt_entry_main                          0x08000263   Thumb Code     0  __rtentry2.o(.ARM.Collect$$rtentry$$0000000D)
    __rt_entry_postli_1                      0x08000263   Thumb Code     0  __rtentry2.o(.ARM.Collect$$rtentry$$0000000C)
    __rt_exit                                0x0800026b   Thumb Code     0  rtexit.o(.ARM.Collect$$rtexit$$00000000)
    __rt_exit_ls                             0x0800026d   Thumb Code     0  rtexit2.o(.ARM.Collect$$rtexit$$00000003)
    __rt_exit_prels_1                        0x0800026d   Thumb Code     0  rtexit2.o(.ARM.Collect$$rtexit$$00000002)
    __rt_exit_exit                           0x08000271   Thumb Code     0  rtexit2.o(.ARM.Collect$$rtexit$$00000004)
    Reset_Handler                            0x08000279   Thumb Code     8  startup_stm32f411xe.o(.text)
    SysTick_Handler                          0x08000291   Thumb Code     2  startup_stm32f411xe.o(.text)
    ADC_IRQHandler                           0x08000293   Thumb Code     0  startup_stm32f411xe.o(.text)
    DMA1_Stream0_IRQHandler                  0x08000293   Thumb Code     0  startup_stm32f411xe.o(.text)
    DMA1_Stream1_IRQHandler                  0x08000293   Thumb Code     0  startup_stm32f411xe.o(.text)
    DMA1_Stream2_IRQHandler                  0x08000293   Thumb Code     0  startup_stm32f411xe.o(.text)
    DMA1_Stream3_IRQHandler                  0x08000293   Thumb Code     0  startup_stm32f411xe.o(.text)
    DMA1_Stream4_IRQHandler                  0x08000293   Thumb Code     0  startup_stm32f411xe.o(.text)
    DMA1_Stream5_IRQHandler                  0x08000293   Thumb Code     0  startup_stm32f411xe.o(.text)
    DMA1_Stream6_IRQHandler                  0x08000293   Thumb Code     0  startup_stm32f411xe.o(.text)
    DMA1_Stream7_IRQHandler                  0x08000293   Thumb Code     0  startup_stm32f411xe.o(.text)
    DMA2_Stream0_IRQHandler                  0x08000293   Thumb Code     0  startup_stm32f411xe.o(.text)
    DMA2_Stream1_IRQHandler                  0x08000293   Thumb Code     0  startup_stm32f411xe.o(.text)
    DMA2_Stream2_IRQHandler                  0x08000293   Thumb Code     0  startup_stm32f411xe.o(.text)
    DMA2_Stream3_IRQHandler                  0x08000293   Thumb Code     0  startup_stm32f411xe.o(.text)
    DMA2_Stream4_IRQHandler                  0x08000293   Thumb Code     0  startup_stm32f411xe.o(.text)
    DMA2_Stream5_IRQHandler                  0x08000293   Thumb Code     0  startup_stm32f411xe.o(.text)
    DMA2_Stream6_IRQHandler                  0x08000293   Thumb Code     0  startup_stm32f411xe.o(.text)
    DMA2_Stream7_IRQHandler                  0x08000293   Thumb Code     0  startup_stm32f411xe.o(.text)
    EXTI0_IRQHandler                         0x08000293   Thumb Code     0  startup_stm32f411xe.o(.text)
    EXTI15_10_IRQHandler                     0x08000293   Thumb Code     0  startup_stm32f411xe.o(.text)
    EXTI1_IRQHandler                         0x08000293   Thumb Code     0  startup_stm32f411xe.o(.text)
    EXTI2_IRQHandler                         0x08000293   Thumb Code     0  startup_stm32f411xe.o(.text)
    EXTI3_IRQHandler                         0x08000293   Thumb Code     0  startup_stm32f411xe.o(.text)
    EXTI4_IRQHandler                         0x08000293   Thumb Code     0  startup_stm32f411xe.o(.text)
    EXTI9_5_IRQHandler                       0x08000293   Thumb Code     0  startup_stm32f411xe.o(.text)
    FLASH_IRQHandler                         0x08000293   Thumb Code     0  startup_stm32f411xe.o(.text)
    FPU_IRQHandler                           0x08000293   Thumb Code     0  startup_stm32f411xe.o(.text)
    I2C1_ER_IRQHandler                       0x08000293   Thumb Code     0  startup_stm32f411xe.o(.text)
    I2C1_EV_IRQHandler                       0x08000293   Thumb Code     0  startup_stm32f411xe.o(.text)
    I2C2_ER_IRQHandler                       0x08000293   Thumb Code     0  startup_stm32f411xe.o(.text)
    I2C2_EV_IRQHandler                       0x08000293   Thumb Code     0  startup_stm32f411xe.o(.text)
    I2C3_ER_IRQHandler                       0x08000293   Thumb Code     0  startup_stm32f411xe.o(.text)
    I2C3_EV_IRQHandler                       0x08000293   Thumb Code     0  startup_stm32f411xe.o(.text)
    OTG_FS_IRQHandler                        0x08000293   Thumb Code     0  startup_stm32f411xe.o(.text)
    OTG_FS_WKUP_IRQHandler                   0x08000293   Thumb Code     0  startup_stm32f411xe.o(.text)
    PVD_IRQHandler                           0x08000293   Thumb Code     0  startup_stm32f411xe.o(.text)
    RCC_IRQHandler                           0x08000293   Thumb Code     0  startup_stm32f411xe.o(.text)
    SDIO_IRQHandler                          0x08000293   Thumb Code     0  startup_stm32f411xe.o(.text)
    SPI1_IRQHandler                          0x08000293   Thumb Code     0  startup_stm32f411xe.o(.text)
    SPI2_IRQHandler                          0x08000293   Thumb Code     0  startup_stm32f411xe.o(.text)
    SPI3_IRQHandler                          0x08000293   Thumb Code     0  startup_stm32f411xe.o(.text)
    SPI4_IRQHandler                          0x08000293   Thumb Code     0  startup_stm32f411xe.o(.text)
    SPI5_IRQHandler                          0x08000293   Thumb Code     0  startup_stm32f411xe.o(.text)
    TAMP_STAMP_IRQHandler                    0x08000293   Thumb Code     0  startup_stm32f411xe.o(.text)
    TIM1_BRK_TIM9_IRQHandler                 0x08000293   Thumb Code     0  startup_stm32f411xe.o(.text)
    TIM1_CC_IRQHandler                       0x08000293   Thumb Code     0  startup_stm32f411xe.o(.text)
    TIM1_TRG_COM_TIM11_IRQHandler            0x08000293   Thumb Code     0  startup_stm32f411xe.o(.text)
    TIM1_UP_TIM10_IRQHandler                 0x08000293   Thumb Code     0  startup_stm32f411xe.o(.text)
    TIM2_IRQHandler                          0x08000293   Thumb Code     0  startup_stm32f411xe.o(.text)
    TIM4_IRQHandler                          0x08000293   Thumb Code     0  startup_stm32f411xe.o(.text)
    TIM5_IRQHandler                          0x08000293   Thumb Code     0  startup_stm32f411xe.o(.text)
    USART2_IRQHandler                        0x08000293   Thumb Code     0  startup_stm32f411xe.o(.text)
    USART6_IRQHandler                        0x08000293   Thumb Code     0  startup_stm32f411xe.o(.text)
    WWDG_IRQHandler                          0x08000293   Thumb Code     0  startup_stm32f411xe.o(.text)
    __user_initial_stackheap                 0x08000295   Thumb Code     0  startup_stm32f411xe.o(.text)
    __use_no_semihosting                     0x080002b9   Thumb Code     2  use_no_semi_2.o(.text)
    __2printf                                0x080002bd   Thumb Code    20  noretval__2printf.o(.text)
    strcpy                                   0x080002d5   Thumb Code    72  strcpy.o(.text)
    strlen                                   0x0800031d   Thumb Code    62  strlen.o(.text)
    __aeabi_memcpy                           0x0800035b   Thumb Code     0  rt_memcpy_v6.o(.text)
    __rt_memcpy                              0x0800035b   Thumb Code   138  rt_memcpy_v6.o(.text)
    _memcpy_lastbytes                        0x080003c1   Thumb Code     0  rt_memcpy_v6.o(.text)
    __aeabi_memcpy4                          0x080003e5   Thumb Code     0  rt_memcpy_w.o(.text)
    __aeabi_memcpy8                          0x080003e5   Thumb Code     0  rt_memcpy_w.o(.text)
    __rt_memcpy_w                            0x080003e5   Thumb Code   100  rt_memcpy_w.o(.text)
    _memcpy_lastbytes_aligned                0x0800042d   Thumb Code     0  rt_memcpy_w.o(.text)
    __aeabi_memset                           0x08000449   Thumb Code    16  aeabi_memset.o(.text)
    __aeabi_memclr                           0x08000459   Thumb Code     0  rt_memclr.o(.text)
    __rt_memclr                              0x08000459   Thumb Code    68  rt_memclr.o(.text)
    _memset                                  0x0800045d   Thumb Code     0  rt_memclr.o(.text)
    __aeabi_memclr4                          0x0800049d   Thumb Code     0  rt_memclr_w.o(.text)
    __aeabi_memclr8                          0x0800049d   Thumb Code     0  rt_memclr_w.o(.text)
    __rt_memclr_w                            0x0800049d   Thumb Code    78  rt_memclr_w.o(.text)
    _memset_w                                0x080004a1   Thumb Code     0  rt_memclr_w.o(.text)
    __use_two_region_memory                  0x080004eb   Thumb Code     2  heapauxi.o(.text)
    __rt_heap_escrow$2region                 0x080004ed   Thumb Code     2  heapauxi.o(.text)
    __rt_heap_expand$2region                 0x080004ef   Thumb Code     2  heapauxi.o(.text)
    __I$use$semihosting                      0x080004f1   Thumb Code     0  use_no_semi.o(.text)
    __use_no_semihosting_swi                 0x080004f1   Thumb Code     2  use_no_semi.o(.text)
    _printf_char_file                        0x080004f5   Thumb Code    32  _printf_char_file.o(.text)
    _printf_char_common                      0x08000523   Thumb Code    32  _printf_char_common.o(.text)
    ferror                                   0x08000549   Thumb Code     8  ferror.o(.text)
    __user_setup_stackheap                   0x08000551   Thumb Code    74  sys_stackheap_outer.o(.text)
    __printf                                 0x0800059b   Thumb Code    40  __printf_nopercent.o(.text)
    exit                                     0x080005c3   Thumb Code    18  exit.o(.text)
    __user_libspace                          0x080005d5   Thumb Code     8  libspace.o(.text)
    __user_perproc_libspace                  0x080005d5   Thumb Code     0  libspace.o(.text)
    __user_perthread_libspace                0x080005d5   Thumb Code     0  libspace.o(.text)
    BusFault_Handler                         0x080005dd   Thumb Code     4  stm32f4xx_it.o(i.BusFault_Handler)
    DebugMon_Handler                         0x080005e1   Thumb Code     2  stm32f4xx_it.o(i.DebugMon_Handler)
    EXTI_ClearITPendingBit                   0x080005e5   Thumb Code     6  stm32f4xx_exti.o(i.EXTI_ClearITPendingBit)
    GPIO_Init                                0x080005f1   Thumb Code   144  stm32f4xx_gpio.o(i.GPIO_Init)
    GPIO_PinAFConfig                         0x08000681   Thumb Code    70  stm32f4xx_gpio.o(i.GPIO_PinAFConfig)
    GPIO_ResetBits                           0x080006c7   Thumb Code     4  stm32f4xx_gpio.o(i.GPIO_ResetBits)
    GPIO_SetBits                             0x080006cb   Thumb Code     4  stm32f4xx_gpio.o(i.GPIO_SetBits)
    HardFault_Handler                        0x080006cf   Thumb Code     4  stm32f4xx_it.o(i.HardFault_Handler)
    KEY_Init                                 0x080006d5   Thumb Code    60  key.o(i.KEY_Init)
    KEY_Scan                                 0x08000715   Thumb Code   156  key.o(i.KEY_Scan)
    LCD_Clear                                0x080007b9   Thumb Code    48  tft.o(i.LCD_Clear)
    LCD_Color_Fill                           0x080007e9   Thumb Code    88  tft.o(i.LCD_Color_Fill)
    LCD_Init                                 0x08000841   Thumb Code   562  tft.o(i.LCD_Init)
    LCD_SetCursor                            0x08000a81   Thumb Code    56  tft.o(i.LCD_SetCursor)
    LCD_Set_Window                           0x08000ab9   Thumb Code    94  tft.o(i.LCD_Set_Window)
    LCD_WR_DATA16                            0x08000b19   Thumb Code    52  tft.o(i.LCD_WR_DATA16)
    LCD_WR_DATA8                             0x08000b59   Thumb Code    42  tft.o(i.LCD_WR_DATA8)
    LCD_WR_REG                               0x08000b91   Thumb Code    42  tft.o(i.LCD_WR_REG)
    LED_Init                                 0x08000bc9   Thumb Code   104  led.o(i.LED_Init)
    Main_Init                                0x08000c39   Thumb Code    56  main.o(i.Main_Init)
    MemManage_Handler                        0x08000c71   Thumb Code     4  stm32f4xx_it.o(i.MemManage_Handler)
    NMI_Handler                              0x08000c75   Thumb Code     2  stm32f4xx_it.o(i.NMI_Handler)
    NVIC_Init                                0x08000c79   Thumb Code   106  misc.o(i.NVIC_Init)
    NVIC_PriorityGroupConfig                 0x08000cf1   Thumb Code    10  misc.o(i.NVIC_PriorityGroupConfig)
    PendSV_Handler                           0x08000d05   Thumb Code     2  stm32f4xx_it.o(i.PendSV_Handler)
    RCC_AHB1PeriphClockCmd                   0x08000d09   Thumb Code    26  stm32f4xx_rcc.o(i.RCC_AHB1PeriphClockCmd)
    RCC_APB1PeriphClockCmd                   0x08000d29   Thumb Code    26  stm32f4xx_rcc.o(i.RCC_APB1PeriphClockCmd)
    RCC_APB1PeriphResetCmd                   0x08000d49   Thumb Code    26  stm32f4xx_rcc.o(i.RCC_APB1PeriphResetCmd)
    RCC_APB2PeriphClockCmd                   0x08000d69   Thumb Code    26  stm32f4xx_rcc.o(i.RCC_APB2PeriphClockCmd)
    RCC_GetClocksFreq                        0x08000d89   Thumb Code   214  stm32f4xx_rcc.o(i.RCC_GetClocksFreq)
    RTC_Alarm_IRQHandler                     0x08000e71   Thumb Code    36  rtc.o(i.RTC_Alarm_IRQHandler)
    RTC_ClearFlag                            0x08000ea1   Thumb Code    24  stm32f4xx_rtc.o(i.RTC_ClearFlag)
    RTC_GetFlagStatus                        0x08000ebd   Thumb Code    32  stm32f4xx_rtc.o(i.RTC_GetFlagStatus)
    RTC_WKUP_IRQHandler                      0x08000ee5   Thumb Code    46  rtc.o(i.RTC_WKUP_IRQHandler)
    SPI3_Init                                0x08000f19   Thumb Code   174  spi.o(i.SPI3_Init)
    SPI3_ReadWriteByte                       0x08000fd1   Thumb Code    50  spi.o(i.SPI3_ReadWriteByte)
    SPI_Cmd                                  0x08001009   Thumb Code    24  stm32f4xx_spi.o(i.SPI_Cmd)
    SPI_I2S_GetFlagStatus                    0x08001021   Thumb Code    18  stm32f4xx_spi.o(i.SPI_I2S_GetFlagStatus)
    SPI_I2S_ReceiveData                      0x08001033   Thumb Code     6  stm32f4xx_spi.o(i.SPI_I2S_ReceiveData)
    SPI_I2S_SendData                         0x08001039   Thumb Code     4  stm32f4xx_spi.o(i.SPI_I2S_SendData)
    SPI_Init                                 0x0800103d   Thumb Code    60  stm32f4xx_spi.o(i.SPI_Init)
    SPI_ReadWriteByte                        0x08001079   Thumb Code    34  tft.o(i.SPI_ReadWriteByte)
    SVC_Handler                              0x0800109b   Thumb Code     2  stm32f4xx_it.o(i.SVC_Handler)
    SysTick_CLKSourceConfig                  0x08001139   Thumb Code    40  misc.o(i.SysTick_CLKSourceConfig)
    SystemInit                               0x08001161   Thumb Code    88  system_stm32f4xx.o(i.SystemInit)
    TIM3_IRQHandler                          0x080011c9   Thumb Code    44  timer.o(i.TIM3_IRQHandler)
    TIM3_Int_Init                            0x080011fd   Thumb Code    88  timer.o(i.TIM3_Int_Init)
    TIM_ClearITPendingBit                    0x08001259   Thumb Code     6  stm32f4xx_tim.o(i.TIM_ClearITPendingBit)
    TIM_Cmd                                  0x0800125f   Thumb Code    24  stm32f4xx_tim.o(i.TIM_Cmd)
    TIM_GetITStatus                          0x08001277   Thumb Code    34  stm32f4xx_tim.o(i.TIM_GetITStatus)
    TIM_ITConfig                             0x08001299   Thumb Code    18  stm32f4xx_tim.o(i.TIM_ITConfig)
    TIM_TimeBaseInit                         0x080012ad   Thumb Code   104  stm32f4xx_tim.o(i.TIM_TimeBaseInit)
    USART1_IRQHandler                        0x08001331   Thumb Code   122  usart.o(i.USART1_IRQHandler)
    USART_Cmd                                0x080013b9   Thumb Code    24  stm32f4xx_usart.o(i.USART_Cmd)
    USART_GetITStatus                        0x080013d1   Thumb Code    84  stm32f4xx_usart.o(i.USART_GetITStatus)
    USART_ITConfig                           0x08001425   Thumb Code    74  stm32f4xx_usart.o(i.USART_ITConfig)
    USART_Init                               0x08001471   Thumb Code   204  stm32f4xx_usart.o(i.USART_Init)
    USART_ReceiveData                        0x08001545   Thumb Code    10  stm32f4xx_usart.o(i.USART_ReceiveData)
    UsageFault_Handler                       0x0800154f   Thumb Code     4  stm32f4xx_it.o(i.UsageFault_Handler)
    _sys_exit                                0x08001553   Thumb Code     4  usart.o(i._sys_exit)
    delay_init                               0x08001731   Thumb Code    52  delay.o(i.delay_init)
    delay_ms                                 0x0800176d   Thumb Code    56  delay.o(i.delay_ms)
    delay_xms                                0x080017a5   Thumb Code    72  delay.o(i.delay_xms)
    fputc                                    0x080019bd   Thumb Code    22  usart.o(i.fputc)
    key_handler                              0x08001cdd   Thumb Code    98  lv_img_test.o(i.key_handler)
    lv_anim_core_init                        0x08001d45   Thumb Code    32  lv_anim.o(i.lv_anim_core_init)
    lv_area_get_size                         0x08001dab   Thumb Code    34  lv_area.o(i.lv_area_get_size)
    lv_area_intersect                        0x08001e13   Thumb Code   130  lv_area.o(i.lv_area_intersect)
    lv_area_is_in                            0x08001e95   Thumb Code    58  lv_area.o(i.lv_area_is_in)
    lv_area_is_on                            0x08001ecf   Thumb Code    58  lv_area.o(i.lv_area_is_on)
    lv_area_join                             0x08001f09   Thumb Code   100  lv_area.o(i.lv_area_join)
    lv_area_set                              0x08001f6d   Thumb Code    14  lv_area.o(i.lv_area_set)
    lv_area_set_height                       0x08001f7b   Thumb Code    12  lv_area.o(i.lv_area_set_height)
    lv_circ_cont                             0x08001f87   Thumb Code    22  lv_circ.o(i.lv_circ_cont)
    lv_circ_init                             0x08001f9d   Thumb Code    16  lv_circ.o(i.lv_circ_init)
    lv_circ_next                             0x08001fad   Thumb Code    60  lv_circ.o(i.lv_circ_next)
    lv_disp_buf_init                         0x08002111   Thumb Code    34  lv_hal_disp.o(i.lv_disp_buf_init)
    lv_disp_drv_init                         0x08002135   Thumb Code    62  lv_hal_disp.o(i.lv_disp_drv_init)
    lv_disp_drv_register                     0x08002179   Thumb Code   184  lv_hal_disp.o(i.lv_disp_drv_register)
    lv_disp_flush_ready                      0x08002241   Thumb Code    14  lv_hal_disp.o(i.lv_disp_flush_ready)
    lv_disp_get_antialiasing                 0x0800224f   Thumb Code    26  lv_hal_disp.o(i.lv_disp_get_antialiasing)
    lv_disp_get_buf                          0x08002269   Thumb Code     6  lv_hal_disp.o(i.lv_disp_get_buf)
    lv_disp_get_default                      0x08002271   Thumb Code     6  lv_hal_disp.o(i.lv_disp_get_default)
    lv_disp_get_hor_res                      0x0800227d   Thumb Code    38  lv_hal_disp.o(i.lv_disp_get_hor_res)
    lv_disp_get_layer_sys                    0x080022a3   Thumb Code    22  lv_disp.o(i.lv_disp_get_layer_sys)
    lv_disp_get_layer_top                    0x080022b9   Thumb Code    22  lv_disp.o(i.lv_disp_get_layer_top)
    lv_disp_get_next                         0x080022d1   Thumb Code    24  lv_hal_disp.o(i.lv_disp_get_next)
    lv_disp_get_scr_act                      0x080022ed   Thumb Code    22  lv_disp.o(i.lv_disp_get_scr_act)
    lv_disp_get_ver_res                      0x08002303   Thumb Code    38  lv_hal_disp.o(i.lv_disp_get_ver_res)
    lv_disp_is_double_buf                    0x08002329   Thumb Code    22  lv_hal_disp.o(i.lv_disp_is_double_buf)
    lv_disp_is_true_double_buf               0x0800233f   Thumb Code    36  lv_hal_disp.o(i.lv_disp_is_true_double_buf)
    lv_disp_refr_task                        0x08002365   Thumb Code   344  lv_refr.o(i.lv_disp_refr_task)
    lv_draw_aa_get_opa                       0x080024c5   Thumb Code    48  lv_draw.o(i.lv_draw_aa_get_opa)
    lv_draw_fill                             0x0800253d   Thumb Code   158  lv_draw_basic.o(i.lv_draw_fill)
    lv_draw_free_buf                         0x080025dd   Thumb Code    28  lv_draw.o(i.lv_draw_free_buf)
    lv_draw_get_buf                          0x08002601   Thumb Code    84  lv_draw.o(i.lv_draw_get_buf)
    lv_draw_img                              0x0800265d   Thumb Code   140  lv_draw_img.o(i.lv_draw_img)
    lv_draw_label                            0x080026f5   Thumb Code  1230  lv_draw_label.o(i.lv_draw_label)
    lv_draw_letter                           0x08002bd5   Thumb Code   848  lv_draw_basic.o(i.lv_draw_letter)
    lv_draw_map                              0x08002f3d   Thumb Code   772  lv_draw_basic.o(i.lv_draw_map)
    lv_draw_px                               0x08003241   Thumb Code   214  lv_draw_basic.o(i.lv_draw_px)
    lv_draw_rect                             0x08003317   Thumb Code   144  lv_draw_rect.o(i.lv_draw_rect)
    lv_event_send                            0x08005f0d   Thumb Code    36  lv_obj.o(i.lv_event_send)
    lv_event_send_func                       0x08005f31   Thumb Code   146  lv_obj.o(i.lv_event_send_func)
    lv_font_get_bitmap_fmt_txt               0x08005fcd   Thumb Code    52  lv_font_fmt_txt.o(i.lv_font_get_bitmap_fmt_txt)
    lv_font_get_glyph_bitmap                 0x08006001   Thumb Code    16  lv_font.o(i.lv_font_get_glyph_bitmap)
    lv_font_get_glyph_dsc                    0x08006011   Thumb Code    30  lv_font.o(i.lv_font_get_glyph_dsc)
    lv_font_get_glyph_dsc_fmt_txt            0x0800602f   Thumb Code   132  lv_font_fmt_txt.o(i.lv_font_get_glyph_dsc_fmt_txt)
    lv_font_get_glyph_width                  0x080060b3   Thumb Code    38  lv_font.o(i.lv_font_get_glyph_width)
    lv_group_add_obj                         0x080060d9   Thumb Code   106  lv_group.o(i.lv_group_add_obj)
    lv_group_focus_next                      0x08006145   Thumb Code    16  lv_group.o(i.lv_group_focus_next)
    lv_group_focus_prev                      0x0800615d   Thumb Code    16  lv_group.o(i.lv_group_focus_prev)
    lv_group_get_focused                     0x08006175   Thumb Code    22  lv_group.o(i.lv_group_get_focused)
    lv_group_init                            0x0800618d   Thumb Code    12  lv_group.o(i.lv_group_init)
    lv_group_mod_style                       0x0800619d   Thumb Code    62  lv_group.o(i.lv_group_mod_style)
    lv_img_cache_invalidate_src              0x08006221   Thumb Code    94  lv_img_cache.o(i.lv_img_cache_invalidate_src)
    lv_img_cache_open                        0x08006289   Thumb Code   290  lv_img_cache.o(i.lv_img_cache_open)
    lv_img_cache_set_size                    0x080063b9   Thumb Code   122  lv_img_cache.o(i.lv_img_cache_set_size)
    lv_img_color_format_get_px_size          0x0800643d   Thumb Code    76  lv_draw_img.o(i.lv_img_color_format_get_px_size)
    lv_img_color_format_has_alpha            0x08006489   Thumb Code    56  lv_draw_img.o(i.lv_img_color_format_has_alpha)
    lv_img_color_format_is_chroma_keyed      0x080064c1   Thumb Code    44  lv_draw_img.o(i.lv_img_color_format_is_chroma_keyed)
    lv_img_create                            0x080064ed   Thumb Code   238  lv_img.o(i.lv_img_create)
    lv_img_decoder_built_in_close            0x080065ed   Thumb Code    32  lv_img_decoder.o(i.lv_img_decoder_built_in_close)
    lv_img_decoder_built_in_info             0x0800660d   Thumb Code   122  lv_img_decoder.o(i.lv_img_decoder_built_in_info)
    lv_img_decoder_built_in_open             0x080069b7   Thumb Code   294  lv_img_decoder.o(i.lv_img_decoder_built_in_open)
    lv_img_decoder_built_in_read_line        0x08006add   Thumb Code   200  lv_img_decoder.o(i.lv_img_decoder_built_in_read_line)
    lv_img_decoder_close                     0x08006ba5   Thumb Code    24  lv_img_decoder.o(i.lv_img_decoder_close)
    lv_img_decoder_create                    0x08006bbd   Thumb Code    36  lv_img_decoder.o(i.lv_img_decoder_create)
    lv_img_decoder_get_info                  0x08006be5   Thumb Code    74  lv_img_decoder.o(i.lv_img_decoder_get_info)
    lv_img_decoder_init                      0x08006c35   Thumb Code    62  lv_img_decoder.o(i.lv_img_decoder_init)
    lv_img_decoder_open                      0x08006c89   Thumb Code   128  lv_img_decoder.o(i.lv_img_decoder_open)
    lv_img_decoder_read_line                 0x08006d0d   Thumb Code    52  lv_img_decoder.o(i.lv_img_decoder_read_line)
    lv_img_decoder_set_close_cb              0x08006d41   Thumb Code     4  lv_img_decoder.o(i.lv_img_decoder_set_close_cb)
    lv_img_decoder_set_info_cb               0x08006d45   Thumb Code     4  lv_img_decoder.o(i.lv_img_decoder_set_info_cb)
    lv_img_decoder_set_open_cb               0x08006d49   Thumb Code     4  lv_img_decoder.o(i.lv_img_decoder_set_open_cb)
    lv_img_decoder_set_read_line_cb          0x08006d4d   Thumb Code     4  lv_img_decoder.o(i.lv_img_decoder_set_read_line_cb)
    lv_img_get_auto_size                     0x08007071   Thumb Code    20  lv_img.o(i.lv_img_get_auto_size)
    lv_img_set_src                           0x08007085   Thumb Code   330  lv_img.o(i.lv_img_set_src)
    lv_img_src_get_type                      0x08007275   Thumb Code    42  lv_draw_img.o(i.lv_img_src_get_type)
    lv_img_test_start                        0x080072a1   Thumb Code    52  lv_img_test.o(i.lv_img_test_start)
    lv_indev_get_act                         0x080072d9   Thumb Code     6  lv_indev.o(i.lv_indev_get_act)
    lv_indev_get_next                        0x080072e5   Thumb Code    24  lv_hal_indev.o(i.lv_indev_get_next)
    lv_indev_init                            0x08007301   Thumb Code    10  lv_indev.o(i.lv_indev_init)
    lv_indev_reset                           0x0800730b   Thumb Code    62  lv_indev.o(i.lv_indev_reset)
    lv_init                                  0x08007349   Thumb Code    76  lv_obj.o(i.lv_init)
    lv_inv_area                              0x080073a1   Thumb Code   224  lv_refr.o(i.lv_inv_area)
    lv_ll_chg_list                           0x08007485   Thumb Code   112  lv_ll.o(i.lv_ll_chg_list)
    lv_ll_get_head                           0x080074f5   Thumb Code    10  lv_ll.o(i.lv_ll_get_head)
    lv_ll_get_next                           0x080074ff   Thumb Code    22  lv_ll.o(i.lv_ll_get_next)
    lv_ll_get_prev                           0x08007515   Thumb Code    20  lv_ll.o(i.lv_ll_get_prev)
    lv_ll_get_tail                           0x08007529   Thumb Code    10  lv_ll.o(i.lv_ll_get_tail)
    lv_ll_init                               0x08007533   Thumb Code    22  lv_ll.o(i.lv_ll_init)
    lv_ll_ins_head                           0x08007549   Thumb Code    64  lv_ll.o(i.lv_ll_ins_head)
    lv_ll_ins_prev                           0x08007589   Thumb Code   114  lv_ll.o(i.lv_ll_ins_prev)
    lv_ll_ins_tail                           0x080075fb   Thumb Code    70  lv_ll.o(i.lv_ll_ins_tail)
    lv_ll_move_before                        0x08007641   Thumb Code   106  lv_ll.o(i.lv_ll_move_before)
    lv_ll_rem                                0x080076ab   Thumb Code   138  lv_ll.o(i.lv_ll_rem)
    lv_mem_alloc                             0x08007735   Thumb Code    70  lv_mem.o(i.lv_mem_alloc)
    lv_mem_free                              0x08007781   Thumb Code   110  lv_mem.o(i.lv_mem_free)
    lv_mem_get_size                          0x080077f5   Thumb Code    26  lv_mem.o(i.lv_mem_get_size)
    lv_mem_init                              0x08007815   Thumb Code    32  lv_mem.o(i.lv_mem_init)
    lv_mem_realloc                           0x0800783d   Thumb Code   108  lv_mem.o(i.lv_mem_realloc)
    lv_obj_align                             0x080078a9   Thumb Code   946  lv_obj.o(i.lv_obj_align)
    lv_obj_align_origo                       0x08007c5b   Thumb Code   760  lv_obj.o(i.lv_obj_align_origo)
    lv_obj_allocate_ext_attr                 0x08007f53   Thumb Code    20  lv_obj.o(i.lv_obj_allocate_ext_attr)
    lv_obj_create                            0x08007f69   Thumb Code   740  lv_obj.o(i.lv_obj_create)
    lv_obj_get_child                         0x08008323   Thumb Code    34  lv_obj.o(i.lv_obj_get_child)
    lv_obj_get_coords                        0x08008345   Thumb Code    18  lv_obj.o(i.lv_obj_get_coords)
    lv_obj_get_disp                          0x08008359   Thumb Code    88  lv_obj.o(i.lv_obj_get_disp)
    lv_obj_get_ext_attr                      0x080083b5   Thumb Code     6  lv_obj.o(i.lv_obj_get_ext_attr)
    lv_obj_get_group                         0x080083bb   Thumb Code     6  lv_obj.o(i.lv_obj_get_group)
    lv_obj_get_height                        0x080083c1   Thumb Code    16  lv_obj.o(i.lv_obj_get_height)
    lv_obj_get_hidden                        0x080083d1   Thumb Code    12  lv_obj.o(i.lv_obj_get_hidden)
    lv_obj_get_opa_scale                     0x080083dd   Thumb Code    40  lv_obj.o(i.lv_obj_get_opa_scale)
    lv_obj_get_parent                        0x08008405   Thumb Code     6  lv_obj.o(i.lv_obj_get_parent)
    lv_obj_get_screen                        0x0800840b   Thumb Code    26  lv_obj.o(i.lv_obj_get_screen)
    lv_obj_get_signal_cb                     0x08008425   Thumb Code     6  lv_obj.o(i.lv_obj_get_signal_cb)
    lv_obj_get_style                         0x0800842d   Thumb Code   108  lv_obj.o(i.lv_obj_get_style)
    lv_obj_get_width                         0x0800849d   Thumb Code    16  lv_obj.o(i.lv_obj_get_width)
    lv_obj_get_x                             0x080084ad   Thumb Code    24  lv_obj.o(i.lv_obj_get_x)
    lv_obj_get_y                             0x080084c5   Thumb Code    24  lv_obj.o(i.lv_obj_get_y)
    lv_obj_invalidate                        0x080084dd   Thumb Code   206  lv_obj.o(i.lv_obj_invalidate)
    lv_obj_is_focused                        0x080085ab   Thumb Code    26  lv_obj.o(i.lv_obj_is_focused)
    lv_obj_is_protected                      0x080085c5   Thumb Code    18  lv_obj.o(i.lv_obj_is_protected)
    lv_obj_move_foreground                   0x080085d7   Thumb Code    62  lv_obj.o(i.lv_obj_move_foreground)
    lv_obj_realign                           0x08008615   Thumb Code    62  lv_obj.o(i.lv_obj_realign)
    lv_obj_refresh_ext_draw_pad              0x08008653   Thumb Code    26  lv_obj.o(i.lv_obj_refresh_ext_draw_pad)
    lv_obj_refresh_style                     0x0800866d   Thumb Code    28  lv_obj.o(i.lv_obj_refresh_style)
    lv_obj_report_style_mod                  0x08008689   Thumb Code    80  lv_obj.o(i.lv_obj_report_style_mod)
    lv_obj_set_click                         0x080086d9   Thumb Code    18  lv_obj.o(i.lv_obj_set_click)
    lv_obj_set_design_cb                     0x080086eb   Thumb Code     4  lv_obj.o(i.lv_obj_set_design_cb)
    lv_obj_set_pos                           0x080086ef   Thumb Code   162  lv_obj.o(i.lv_obj_set_pos)
    lv_obj_set_signal_cb                     0x08008791   Thumb Code     4  lv_obj.o(i.lv_obj_set_signal_cb)
    lv_obj_set_size                          0x08008795   Thumb Code   158  lv_obj.o(i.lv_obj_set_size)
    lv_obj_set_style                         0x08008833   Thumb Code    22  lv_obj.o(i.lv_obj_set_style)
    lv_port_disp_init                        0x080088b1   Thumb Code    56  lv_port_disp.o(i.lv_port_disp_init)
    lv_refr_get_disp_refreshing              0x08008b35   Thumb Code     6  lv_refr.o(i.lv_refr_get_disp_refreshing)
    lv_refr_init                             0x08008bbf   Thumb Code     2  lv_refr.o(i.lv_refr_init)
    lv_style_copy                            0x08008e6d   Thumb Code    18  lv_style.o(i.lv_style_copy)
    lv_style_init                            0x08008e81   Thumb Code  1352  lv_style.o(i.lv_style_init)
    lv_task_core_init                        0x080093d9   Thumb Code    18  lv_task.o(i.lv_task_core_init)
    lv_task_create                           0x080093f1   Thumb Code    62  lv_task.o(i.lv_task_create)
    lv_task_create_basic                     0x08009431   Thumb Code   156  lv_task.o(i.lv_task_create_basic)
    lv_task_del                              0x080094d5   Thumb Code    34  lv_task.o(i.lv_task_del)
    lv_task_enable                           0x08009505   Thumb Code     6  lv_task.o(i.lv_task_enable)
    lv_task_handler                          0x08009561   Thumb Code   330  lv_task.o(i.lv_task_handler)
    lv_task_ready                            0x080096d5   Thumb Code    18  lv_task.o(i.lv_task_ready)
    lv_task_set_cb                           0x080096e7   Thumb Code     4  lv_task.o(i.lv_task_set_cb)
    lv_task_set_period                       0x080096eb   Thumb Code     4  lv_task.o(i.lv_task_set_period)
    lv_task_set_prio                         0x080096f1   Thumb Code    94  lv_task.o(i.lv_task_set_prio)
    lv_theme_get_current                     0x08009755   Thumb Code    14  lv_theme.o(i.lv_theme_get_current)
    lv_tick_elaps                            0x0800976d   Thumb Code    26  lv_hal_tick.o(i.lv_tick_elaps)
    lv_tick_get                              0x08009789   Thumb Code    22  lv_hal_tick.o(i.lv_tick_get)
    lv_tick_inc                              0x080097a9   Thumb Code    18  lv_hal_tick.o(i.lv_tick_inc)
    lv_txt_get_next_line                     0x080097c5   Thumb Code   272  lv_txt.o(i.lv_txt_get_next_line)
    lv_txt_get_size                          0x080098e5   Thumb Code   204  lv_txt.o(i.lv_txt_get_size)
    lv_txt_get_width                         0x080099b1   Thumb Code   140  lv_txt.o(i.lv_txt_get_width)
    lv_txt_is_cmd                            0x08009a41   Thumb Code    66  lv_txt.o(i.lv_txt_is_cmd)
    lv_utils_bsearch                         0x08009dc9   Thumb Code    84  lv_utils.o(i.lv_utils_bsearch)
    main                                     0x08009e1d   Thumb Code    20  main.o(i.main)
    uart_init                                0x0800a121   Thumb Code   164  usart.o(i.uart_init)
    _fp_init                                 0x0800a1d7   Thumb Code    10  fpinit.o(x$fpl$fpinit)
    __fplib_config_fpu_vfp                   0x0800a1df   Thumb Code     0  fpinit.o(x$fpl$fpinit)
    __fplib_config_pureend_doubles           0x0800a1df   Thumb Code     0  fpinit.o(x$fpl$fpinit)
    img_2233_map                             0x0800c5ec   Data       115200  img_2233.o(.constdata)
    img_2233                                 0x080287ec   Data          12  img_2233.o(.constdata)
    Region$$Table$$Base                      0x080287f8   Number         0  anon$$obj.o(Region$$Table)
    Region$$Table$$Limit                     0x08028818   Number         0  anon$$obj.o(Region$$Table)
    __stdout                                 0x20000014   Data           4  usart.o(.data)
    USART_RX_STA                             0x20000018   Data           2  usart.o(.data)
    BACK_COLOR                               0x2000001c   Data           2  tft.o(.data)
    POINT_COLOR                              0x2000001e   Data           2  tft.o(.data)
    lv_font_roboto_16                        0x20000c20   Data          16  lv_font_roboto_16.o(.data)
    _lv_img_cache_array                      0x20000c44   Data           4  lv_gc.o(.data)
    _lv_task_act                             0x20000c48   Data           4  lv_gc.o(.data)
    _lv_draw_buf                             0x20000c4c   Data           4  lv_gc.o(.data)
    lv_txt_encoded_size                      0x20000c6c   Data           4  lv_txt.o(.data)
    lv_txt_unicode_to_encoded                0x20000c70   Data           4  lv_txt.o(.data)
    lv_txt_encoded_conv_wc                   0x20000c74   Data           4  lv_txt.o(.data)
    lv_txt_encoded_next                      0x20000c78   Data           4  lv_txt.o(.data)
    lv_txt_encoded_prev                      0x20000c7c   Data           4  lv_txt.o(.data)
    lv_txt_encoded_get_byte_id               0x20000c80   Data           4  lv_txt.o(.data)
    lv_encoded_get_char_id                   0x20000c84   Data           4  lv_txt.o(.data)
    lv_txt_get_encoded_length                0x20000c88   Data           4  lv_txt.o(.data)
    USART_RX_BUF                             0x20000c94   Data         200  usart.o(.bss)
    lv_style_scr                             0x20000d5c   Data          60  lv_style.o(.bss)
    lv_style_transp                          0x20000d98   Data          60  lv_style.o(.bss)
    lv_style_transp_fit                      0x20000dd4   Data          60  lv_style.o(.bss)
    lv_style_transp_tight                    0x20000e10   Data          60  lv_style.o(.bss)
    lv_style_plain                           0x20000e4c   Data          60  lv_style.o(.bss)
    lv_style_plain_color                     0x20000e88   Data          60  lv_style.o(.bss)
    lv_style_pretty                          0x20000ec4   Data          60  lv_style.o(.bss)
    lv_style_pretty_color                    0x20000f00   Data          60  lv_style.o(.bss)
    lv_style_btn_rel                         0x20000f3c   Data          60  lv_style.o(.bss)
    lv_style_btn_pr                          0x20000f78   Data          60  lv_style.o(.bss)
    lv_style_btn_tgl_rel                     0x20000fb4   Data          60  lv_style.o(.bss)
    lv_style_btn_tgl_pr                      0x20000ff0   Data          60  lv_style.o(.bss)
    lv_style_btn_ina                         0x2000102c   Data          60  lv_style.o(.bss)
    _lv_task_ll                              0x20001068   Data          12  lv_gc.o(.bss)
    _lv_disp_ll                              0x20001074   Data          12  lv_gc.o(.bss)
    _lv_indev_ll                             0x20001080   Data          12  lv_gc.o(.bss)
    _lv_drv_ll                               0x2000108c   Data          12  lv_gc.o(.bss)
    _lv_file_ll                              0x20001098   Data          12  lv_gc.o(.bss)
    _lv_anim_ll                              0x200010a4   Data          12  lv_gc.o(.bss)
    _lv_group_ll                             0x200010b0   Data          12  lv_gc.o(.bss)
    _lv_img_defoder_ll                       0x200010bc   Data          12  lv_gc.o(.bss)
    img_style                                0x20007e2c   Data          60  lv_img_test.o(.bss)
    __libspace_start                         0x20007e68   Data          96  libspace.o(.bss)
    __temporary_stack_top$libspace           0x20007ec8   Data           0  libspace.o(.bss)



==============================================================================

Memory Map of the image

  Image Entry point : 0x08000199

  Load Region LR_IROM1 (Base: 0x08000000, Size: 0x000294ac, Max: 0x00080000, ABSOLUTE, COMPRESSED[0x00028e80])

    Execution Region ER_IROM1 (Exec base: 0x08000000, Load base: 0x08000000, Size: 0x00028818, Max: 0x00080000, ABSOLUTE)

    Exec Addr    Load Addr    Size         Type   Attr      Idx    E Section Name        Object

    0x08000000   0x08000000   0x00000198   Data   RO          544    RESET               startup_stm32f411xe.o
    0x08000198   0x08000198   0x00000008   Code   RO        16667  * !!!main             c_w.l(__main.o)
    0x080001a0   0x080001a0   0x00000034   Code   RO        16834    !!!scatter          c_w.l(__scatter.o)
    0x080001d4   0x080001d4   0x0000005a   Code   RO        16832    !!dczerorl2         c_w.l(__dczerorl2.o)
    0x0800022e   0x0800022e   0x00000002   PAD
    0x08000230   0x08000230   0x0000001c   Code   RO        16836    !!handler_zi        c_w.l(__scatter_zi.o)
    0x0800024c   0x0800024c   0x00000002   Code   RO        16706    .ARM.Collect$$libinit$$00000000  c_w.l(libinit.o)
    0x0800024e   0x0800024e   0x00000004   Code   RO        16712    .ARM.Collect$$libinit$$00000001  c_w.l(libinit2.o)
    0x08000252   0x08000252   0x00000000   Code   RO        16715    .ARM.Collect$$libinit$$00000004  c_w.l(libinit2.o)
    0x08000252   0x08000252   0x00000000   Code   RO        16718    .ARM.Collect$$libinit$$0000000A  c_w.l(libinit2.o)
    0x08000252   0x08000252   0x00000000   Code   RO        16720    .ARM.Collect$$libinit$$0000000C  c_w.l(libinit2.o)
    0x08000252   0x08000252   0x00000000   Code   RO        16722    .ARM.Collect$$libinit$$0000000E  c_w.l(libinit2.o)
    0x08000252   0x08000252   0x00000000   Code   RO        16725    .ARM.Collect$$libinit$$00000011  c_w.l(libinit2.o)
    0x08000252   0x08000252   0x00000000   Code   RO        16727    .ARM.Collect$$libinit$$00000013  c_w.l(libinit2.o)
    0x08000252   0x08000252   0x00000000   Code   RO        16729    .ARM.Collect$$libinit$$00000015  c_w.l(libinit2.o)
    0x08000252   0x08000252   0x00000000   Code   RO        16731    .ARM.Collect$$libinit$$00000017  c_w.l(libinit2.o)
    0x08000252   0x08000252   0x00000000   Code   RO        16733    .ARM.Collect$$libinit$$00000019  c_w.l(libinit2.o)
    0x08000252   0x08000252   0x00000000   Code   RO        16735    .ARM.Collect$$libinit$$0000001B  c_w.l(libinit2.o)
    0x08000252   0x08000252   0x00000000   Code   RO        16737    .ARM.Collect$$libinit$$0000001D  c_w.l(libinit2.o)
    0x08000252   0x08000252   0x00000000   Code   RO        16739    .ARM.Collect$$libinit$$0000001F  c_w.l(libinit2.o)
    0x08000252   0x08000252   0x00000000   Code   RO        16741    .ARM.Collect$$libinit$$00000021  c_w.l(libinit2.o)
    0x08000252   0x08000252   0x00000000   Code   RO        16743    .ARM.Collect$$libinit$$00000023  c_w.l(libinit2.o)
    0x08000252   0x08000252   0x00000000   Code   RO        16745    .ARM.Collect$$libinit$$00000025  c_w.l(libinit2.o)
    0x08000252   0x08000252   0x00000000   Code   RO        16749    .ARM.Collect$$libinit$$0000002C  c_w.l(libinit2.o)
    0x08000252   0x08000252   0x00000000   Code   RO        16751    .ARM.Collect$$libinit$$0000002E  c_w.l(libinit2.o)
    0x08000252   0x08000252   0x00000000   Code   RO        16753    .ARM.Collect$$libinit$$00000030  c_w.l(libinit2.o)
    0x08000252   0x08000252   0x00000000   Code   RO        16755    .ARM.Collect$$libinit$$00000032  c_w.l(libinit2.o)
    0x08000252   0x08000252   0x00000002   Code   RO        16756    .ARM.Collect$$libinit$$00000033  c_w.l(libinit2.o)
    0x08000254   0x08000254   0x00000002   Code   RO        16774    .ARM.Collect$$libshutdown$$00000000  c_w.l(libshutdown.o)
    0x08000256   0x08000256   0x00000000   Code   RO        16784    .ARM.Collect$$libshutdown$$00000002  c_w.l(libshutdown2.o)
    0x08000256   0x08000256   0x00000000   Code   RO        16786    .ARM.Collect$$libshutdown$$00000004  c_w.l(libshutdown2.o)
    0x08000256   0x08000256   0x00000000   Code   RO        16789    .ARM.Collect$$libshutdown$$00000007  c_w.l(libshutdown2.o)
    0x08000256   0x08000256   0x00000000   Code   RO        16792    .ARM.Collect$$libshutdown$$0000000A  c_w.l(libshutdown2.o)
    0x08000256   0x08000256   0x00000000   Code   RO        16794    .ARM.Collect$$libshutdown$$0000000C  c_w.l(libshutdown2.o)
    0x08000256   0x08000256   0x00000000   Code   RO        16797    .ARM.Collect$$libshutdown$$0000000F  c_w.l(libshutdown2.o)
    0x08000256   0x08000256   0x00000002   Code   RO        16798    .ARM.Collect$$libshutdown$$00000010  c_w.l(libshutdown2.o)
    0x08000258   0x08000258   0x00000000   Code   RO        16671    .ARM.Collect$$rtentry$$00000000  c_w.l(__rtentry.o)
    0x08000258   0x08000258   0x00000000   Code   RO        16675    .ARM.Collect$$rtentry$$00000002  c_w.l(__rtentry2.o)
    0x08000258   0x08000258   0x00000006   Code   RO        16687    .ARM.Collect$$rtentry$$00000004  c_w.l(__rtentry4.o)
    0x0800025e   0x0800025e   0x00000000   Code   RO        16677    .ARM.Collect$$rtentry$$00000009  c_w.l(__rtentry2.o)
    0x0800025e   0x0800025e   0x00000004   Code   RO        16678    .ARM.Collect$$rtentry$$0000000A  c_w.l(__rtentry2.o)
    0x08000262   0x08000262   0x00000000   Code   RO        16680    .ARM.Collect$$rtentry$$0000000C  c_w.l(__rtentry2.o)
    0x08000262   0x08000262   0x00000008   Code   RO        16681    .ARM.Collect$$rtentry$$0000000D  c_w.l(__rtentry2.o)
    0x0800026a   0x0800026a   0x00000002   Code   RO        16710    .ARM.Collect$$rtexit$$00000000  c_w.l(rtexit.o)
    0x0800026c   0x0800026c   0x00000000   Code   RO        16758    .ARM.Collect$$rtexit$$00000002  c_w.l(rtexit2.o)
    0x0800026c   0x0800026c   0x00000004   Code   RO        16759    .ARM.Collect$$rtexit$$00000003  c_w.l(rtexit2.o)
    0x08000270   0x08000270   0x00000006   Code   RO        16760    .ARM.Collect$$rtexit$$00000004  c_w.l(rtexit2.o)
    0x08000276   0x08000276   0x00000002   PAD
    0x08000278   0x08000278   0x00000040   Code   RO          545    .text               startup_stm32f411xe.o
    0x080002b8   0x080002b8   0x00000002   Code   RO        16643    .text               c_w.l(use_no_semi_2.o)
    0x080002ba   0x080002ba   0x00000002   PAD
    0x080002bc   0x080002bc   0x00000018   Code   RO        16647    .text               c_w.l(noretval__2printf.o)
    0x080002d4   0x080002d4   0x00000048   Code   RO        16649    .text               c_w.l(strcpy.o)
    0x0800031c   0x0800031c   0x0000003e   Code   RO        16651    .text               c_w.l(strlen.o)
    0x0800035a   0x0800035a   0x0000008a   Code   RO        16653    .text               c_w.l(rt_memcpy_v6.o)
    0x080003e4   0x080003e4   0x00000064   Code   RO        16655    .text               c_w.l(rt_memcpy_w.o)
    0x08000448   0x08000448   0x00000010   Code   RO        16657    .text               c_w.l(aeabi_memset.o)
    0x08000458   0x08000458   0x00000044   Code   RO        16659    .text               c_w.l(rt_memclr.o)
    0x0800049c   0x0800049c   0x0000004e   Code   RO        16661    .text               c_w.l(rt_memclr_w.o)
    0x080004ea   0x080004ea   0x00000006   Code   RO        16665    .text               c_w.l(heapauxi.o)
    0x080004f0   0x080004f0   0x00000002   Code   RO        16669    .text               c_w.l(use_no_semi.o)
    0x080004f2   0x080004f2   0x00000002   PAD
    0x080004f4   0x080004f4   0x00000024   Code   RO        16672    .text               c_w.l(_printf_char_file.o)
    0x08000518   0x08000518   0x00000030   Code   RO        16689    .text               c_w.l(_printf_char_common.o)
    0x08000548   0x08000548   0x00000008   Code   RO        16691    .text               c_w.l(ferror.o)
    0x08000550   0x08000550   0x0000004a   Code   RO        16695    .text               c_w.l(sys_stackheap_outer.o)
    0x0800059a   0x0800059a   0x00000028   Code   RO        16697    .text               c_w.l(__printf_nopercent.o)
    0x080005c2   0x080005c2   0x00000012   Code   RO        16699    .text               c_w.l(exit.o)
    0x080005d4   0x080005d4   0x00000008   Code   RO        16707    .text               c_w.l(libspace.o)
    0x080005dc   0x080005dc   0x00000004   Code   RO          412    i.BusFault_Handler  stm32f4xx_it.o
    0x080005e0   0x080005e0   0x00000002   Code   RO          413    i.DebugMon_Handler  stm32f4xx_it.o
    0x080005e2   0x080005e2   0x00000002   PAD
    0x080005e4   0x080005e4   0x0000000c   Code   RO         1926    i.EXTI_ClearITPendingBit  stm32f4xx_exti.o
    0x080005f0   0x080005f0   0x00000090   Code   RO         2301    i.GPIO_Init         stm32f4xx_gpio.o
    0x08000680   0x08000680   0x00000046   Code   RO         2302    i.GPIO_PinAFConfig  stm32f4xx_gpio.o
    0x080006c6   0x080006c6   0x00000004   Code   RO         2308    i.GPIO_ResetBits    stm32f4xx_gpio.o
    0x080006ca   0x080006ca   0x00000004   Code   RO         2309    i.GPIO_SetBits      stm32f4xx_gpio.o
    0x080006ce   0x080006ce   0x00000004   Code   RO          414    i.HardFault_Handler  stm32f4xx_it.o
    0x080006d2   0x080006d2   0x00000002   PAD
    0x080006d4   0x080006d4   0x00000040   Code   RO         5490    i.KEY_Init          key.o
    0x08000714   0x08000714   0x000000a4   Code   RO         5491    i.KEY_Scan          key.o
    0x080007b8   0x080007b8   0x00000030   Code   RO         5638    i.LCD_Clear         tft.o
    0x080007e8   0x080007e8   0x00000058   Code   RO         5639    i.LCD_Color_Fill    tft.o
    0x08000840   0x08000840   0x00000240   Code   RO         5650    i.LCD_Init          tft.o
    0x08000a80   0x08000a80   0x00000038   Code   RO         5655    i.LCD_SetCursor     tft.o
    0x08000ab8   0x08000ab8   0x0000005e   Code   RO         5656    i.LCD_Set_Window    tft.o
    0x08000b16   0x08000b16   0x00000002   PAD
    0x08000b18   0x08000b18   0x00000040   Code   RO         5661    i.LCD_WR_DATA16     tft.o
    0x08000b58   0x08000b58   0x00000038   Code   RO         5662    i.LCD_WR_DATA8      tft.o
    0x08000b90   0x08000b90   0x00000038   Code   RO         5663    i.LCD_WR_REG        tft.o
    0x08000bc8   0x08000bc8   0x00000070   Code   RO         5521    i.LED_Init          led.o
    0x08000c38   0x08000c38   0x00000038   Code   RO            4    i.Main_Init         main.o
    0x08000c70   0x08000c70   0x00000004   Code   RO          415    i.MemManage_Handler  stm32f4xx_it.o
    0x08000c74   0x08000c74   0x00000002   Code   RO          416    i.NMI_Handler       stm32f4xx_it.o
    0x08000c76   0x08000c76   0x00000002   PAD
    0x08000c78   0x08000c78   0x00000078   Code   RO          552    i.NVIC_Init         misc.o
    0x08000cf0   0x08000cf0   0x00000014   Code   RO          553    i.NVIC_PriorityGroupConfig  misc.o
    0x08000d04   0x08000d04   0x00000002   Code   RO          417    i.PendSV_Handler    stm32f4xx_it.o
    0x08000d06   0x08000d06   0x00000002   PAD
    0x08000d08   0x08000d08   0x00000020   Code   RO         3242    i.RCC_AHB1PeriphClockCmd  stm32f4xx_rcc.o
    0x08000d28   0x08000d28   0x00000020   Code   RO         3248    i.RCC_APB1PeriphClockCmd  stm32f4xx_rcc.o
    0x08000d48   0x08000d48   0x00000020   Code   RO         3250    i.RCC_APB1PeriphResetCmd  stm32f4xx_rcc.o
    0x08000d68   0x08000d68   0x00000020   Code   RO         3251    i.RCC_APB2PeriphClockCmd  stm32f4xx_rcc.o
    0x08000d88   0x08000d88   0x000000e8   Code   RO         3260    i.RCC_GetClocksFreq  stm32f4xx_rcc.o
    0x08000e70   0x08000e70   0x00000030   Code   RO         5546    i.RTC_Alarm_IRQHandler  rtc.o
    0x08000ea0   0x08000ea0   0x0000001c   Code   RO         3579    i.RTC_ClearFlag     stm32f4xx_rtc.o
    0x08000ebc   0x08000ebc   0x00000028   Code   RO         3591    i.RTC_GetFlagStatus  stm32f4xx_rtc.o
    0x08000ee4   0x08000ee4   0x00000034   Code   RO         5551    i.RTC_WKUP_IRQHandler  rtc.o
    0x08000f18   0x08000f18   0x000000b8   Code   RO         6057    i.SPI3_Init         spi.o
    0x08000fd0   0x08000fd0   0x00000038   Code   RO         6058    i.SPI3_ReadWriteByte  spi.o
    0x08001008   0x08001008   0x00000018   Code   RO         4325    i.SPI_Cmd           stm32f4xx_spi.o
    0x08001020   0x08001020   0x00000012   Code   RO         4333    i.SPI_I2S_GetFlagStatus  stm32f4xx_spi.o
    0x08001032   0x08001032   0x00000006   Code   RO         4336    i.SPI_I2S_ReceiveData  stm32f4xx_spi.o
    0x08001038   0x08001038   0x00000004   Code   RO         4337    i.SPI_I2S_SendData  stm32f4xx_spi.o
    0x0800103c   0x0800103c   0x0000003c   Code   RO         4338    i.SPI_Init          stm32f4xx_spi.o
    0x08001078   0x08001078   0x00000022   Code   RO         5666    i.SPI_ReadWriteByte  tft.o
    0x0800109a   0x0800109a   0x00000002   Code   RO          418    i.SVC_Handler       stm32f4xx_it.o
    0x0800109c   0x0800109c   0x0000009c   Code   RO          504    i.SetSysClock       system_stm32f4xx.o
    0x08001138   0x08001138   0x00000028   Code   RO          556    i.SysTick_CLKSourceConfig  misc.o
    0x08001160   0x08001160   0x00000068   Code   RO          506    i.SystemInit        system_stm32f4xx.o
    0x080011c8   0x080011c8   0x00000034   Code   RO         5850    i.TIM3_IRQHandler   timer.o
    0x080011fc   0x080011fc   0x0000005c   Code   RO         5851    i.TIM3_Int_Init     timer.o
    0x08001258   0x08001258   0x00000006   Code   RO         4558    i.TIM_ClearITPendingBit  stm32f4xx_tim.o
    0x0800125e   0x0800125e   0x00000018   Code   RO         4563    i.TIM_Cmd           stm32f4xx_tim.o
    0x08001276   0x08001276   0x00000022   Code   RO         4584    i.TIM_GetITStatus   stm32f4xx_tim.o
    0x08001298   0x08001298   0x00000012   Code   RO         4588    i.TIM_ITConfig      stm32f4xx_tim.o
    0x080012aa   0x080012aa   0x00000002   PAD
    0x080012ac   0x080012ac   0x00000084   Code   RO         4635    i.TIM_TimeBaseInit  stm32f4xx_tim.o
    0x08001330   0x08001330   0x00000088   Code   RO         5415    i.USART1_IRQHandler  usart.o
    0x080013b8   0x080013b8   0x00000018   Code   RO         5117    i.USART_Cmd         stm32f4xx_usart.o
    0x080013d0   0x080013d0   0x00000054   Code   RO         5121    i.USART_GetITStatus  stm32f4xx_usart.o
    0x08001424   0x08001424   0x0000004a   Code   RO         5123    i.USART_ITConfig    stm32f4xx_usart.o
    0x0800146e   0x0800146e   0x00000002   PAD
    0x08001470   0x08001470   0x000000d4   Code   RO         5124    i.USART_Init        stm32f4xx_usart.o
    0x08001544   0x08001544   0x0000000a   Code   RO         5131    i.USART_ReceiveData  stm32f4xx_usart.o
    0x0800154e   0x0800154e   0x00000004   Code   RO          419    i.UsageFault_Handler  stm32f4xx_it.o
    0x08001552   0x08001552   0x00000004   Code   RO         5416    i._sys_exit         usart.o
    0x08001556   0x08001556   0x00000002   PAD
    0x08001558   0x08001558   0x000000b4   Code   RO         9133    i.anim_ready_handler  lv_anim.o
    0x0800160c   0x0800160c   0x000000d0   Code   RO         9134    i.anim_task         lv_anim.o
    0x080016dc   0x080016dc   0x00000054   Code   RO         8001    i.antialias_get_opa_circ  lv_draw_rect.o
    0x08001730   0x08001730   0x0000003c   Code   RO         5371    i.delay_init        delay.o
    0x0800176c   0x0800176c   0x00000038   Code   RO         5372    i.delay_ms          delay.o
    0x080017a4   0x080017a4   0x0000004c   Code   RO         5374    i.delay_xms         delay.o
    0x080017f0   0x080017f0   0x00000026   Code   RO        16293    i.disp_flush        lv_port_disp.o
    0x08001816   0x08001816   0x00000002   Code   RO        16294    i.disp_init         lv_port_disp.o
    0x08001818   0x08001818   0x00000030   Code   RO         9604    i.ent_alloc         lv_mem.o
    0x08001848   0x08001848   0x00000030   Code   RO         9605    i.ent_get_next      lv_mem.o
    0x08001878   0x08001878   0x0000004c   Code   RO         9606    i.ent_trunc         lv_mem.o
    0x080018c4   0x080018c4   0x000000f6   Code   RO         6242    i.focus_next_core   lv_group.o
    0x080019ba   0x080019ba   0x00000002   PAD
    0x080019bc   0x080019bc   0x0000001c   Code   RO         5417    i.fputc             usart.o
    0x080019d8   0x080019d8   0x0000019c   Code   RO         8382    i.get_glyph_dsc_id  lv_font_fmt_txt.o
    0x08001b74   0x08001b74   0x000000d8   Code   RO         8383    i.get_kern_value    lv_font_fmt_txt.o
    0x08001c4c   0x08001c4c   0x00000050   Code   RO         7903    i.hex_char_to_num   lv_draw_label.o
    0x08001c9c   0x08001c9c   0x00000020   Code   RO         8384    i.kern_pair_16_compare  lv_font_fmt_txt.o
    0x08001cbc   0x08001cbc   0x00000020   Code   RO         8385    i.kern_pair_8_compare  lv_font_fmt_txt.o
    0x08001cdc   0x08001cdc   0x00000068   Code   RO        16571    i.key_handler       lv_img_test.o
    0x08001d44   0x08001d44   0x0000002c   Code   RO         9135    i.lv_anim_core_init  lv_anim.o
    0x08001d70   0x08001d70   0x0000000a   Code   RO         6723    i.lv_area_copy      lv_obj.o
    0x08001d7a   0x08001d7a   0x0000000a   Code   RO         7353    i.lv_area_copy      lv_refr.o
    0x08001d84   0x08001d84   0x0000000a   Code   RO         8002    i.lv_area_copy      lv_draw_rect.o
    0x08001d8e   0x08001d8e   0x0000000e   Code   RO         7354    i.lv_area_get_height  lv_refr.o
    0x08001d9c   0x08001d9c   0x0000000e   Code   RO         8003    i.lv_area_get_height  lv_draw_rect.o
    0x08001daa   0x08001daa   0x00000022   Code   RO         9289    i.lv_area_get_size  lv_area.o
    0x08001dcc   0x08001dcc   0x0000000e   Code   RO         7355    i.lv_area_get_width  lv_refr.o
    0x08001dda   0x08001dda   0x0000000e   Code   RO         7701    i.lv_area_get_width  lv_draw_basic.o
    0x08001de8   0x08001de8   0x0000000e   Code   RO         7811    i.lv_area_get_width  lv_draw_img.o
    0x08001df6   0x08001df6   0x0000000e   Code   RO         7904    i.lv_area_get_width  lv_draw_label.o
    0x08001e04   0x08001e04   0x0000000e   Code   RO         8004    i.lv_area_get_width  lv_draw_rect.o
    0x08001e12   0x08001e12   0x00000082   Code   RO         9290    i.lv_area_intersect  lv_area.o
    0x08001e94   0x08001e94   0x0000003a   Code   RO         9291    i.lv_area_is_in     lv_area.o
    0x08001ece   0x08001ece   0x0000003a   Code   RO         9292    i.lv_area_is_on     lv_area.o
    0x08001f08   0x08001f08   0x00000064   Code   RO         9294    i.lv_area_join      lv_area.o
    0x08001f6c   0x08001f6c   0x0000000e   Code   RO         9295    i.lv_area_set       lv_area.o
    0x08001f7a   0x08001f7a   0x0000000c   Code   RO         9296    i.lv_area_set_height  lv_area.o
    0x08001f86   0x08001f86   0x00000016   Code   RO         9381    i.lv_circ_cont      lv_circ.o
    0x08001f9c   0x08001f9c   0x00000010   Code   RO         9382    i.lv_circ_init      lv_circ.o
    0x08001fac   0x08001fac   0x0000003c   Code   RO         9383    i.lv_circ_next      lv_circ.o
    0x08001fe8   0x08001fe8   0x00000030   Code   RO         7465    i.lv_color_make     lv_style.o
    0x08002018   0x08002018   0x0000007c   Code   RO         7702    i.lv_color_mix      lv_draw_basic.o
    0x08002094   0x08002094   0x0000007c   Code   RO         8005    i.lv_color_mix      lv_draw_rect.o
    0x08002110   0x08002110   0x00000022   Code   RO         8826    i.lv_disp_buf_init  lv_hal_disp.o
    0x08002132   0x08002132   0x00000002   PAD
    0x08002134   0x08002134   0x00000044   Code   RO         8827    i.lv_disp_drv_init  lv_hal_disp.o
    0x08002178   0x08002178   0x000000c8   Code   RO         8828    i.lv_disp_drv_register  lv_hal_disp.o
    0x08002240   0x08002240   0x0000000e   Code   RO         8830    i.lv_disp_flush_ready  lv_hal_disp.o
    0x0800224e   0x0800224e   0x0000001a   Code   RO         8831    i.lv_disp_get_antialiasing  lv_hal_disp.o
    0x08002268   0x08002268   0x00000006   Code   RO         8832    i.lv_disp_get_buf   lv_hal_disp.o
    0x0800226e   0x0800226e   0x00000002   PAD
    0x08002270   0x08002270   0x0000000c   Code   RO         8833    i.lv_disp_get_default  lv_hal_disp.o
    0x0800227c   0x0800227c   0x00000026   Code   RO         8834    i.lv_disp_get_hor_res  lv_hal_disp.o
    0x080022a2   0x080022a2   0x00000016   Code   RO         6122    i.lv_disp_get_layer_sys  lv_disp.o
    0x080022b8   0x080022b8   0x00000016   Code   RO         6123    i.lv_disp_get_layer_top  lv_disp.o
    0x080022ce   0x080022ce   0x00000002   PAD
    0x080022d0   0x080022d0   0x0000001c   Code   RO         8836    i.lv_disp_get_next  lv_hal_disp.o
    0x080022ec   0x080022ec   0x00000016   Code   RO         6125    i.lv_disp_get_scr_act  lv_disp.o
    0x08002302   0x08002302   0x00000026   Code   RO         8837    i.lv_disp_get_ver_res  lv_hal_disp.o
    0x08002328   0x08002328   0x00000016   Code   RO         8838    i.lv_disp_is_double_buf  lv_hal_disp.o
    0x0800233e   0x0800233e   0x00000024   Code   RO         8839    i.lv_disp_is_true_double_buf  lv_hal_disp.o
    0x08002362   0x08002362   0x00000002   PAD
    0x08002364   0x08002364   0x00000160   Code   RO         7356    i.lv_disp_refr_task  lv_refr.o
    0x080024c4   0x080024c4   0x00000034   Code   RO         7540    i.lv_draw_aa_get_opa  lv_draw.o
    0x080024f8   0x080024f8   0x00000044   Code   RO         8006    i.lv_draw_cont_radius_corr  lv_draw_rect.o
    0x0800253c   0x0800253c   0x0000009e   Code   RO         7703    i.lv_draw_fill      lv_draw_basic.o
    0x080025da   0x080025da   0x00000002   PAD
    0x080025dc   0x080025dc   0x00000024   Code   RO         7543    i.lv_draw_free_buf  lv_draw.o
    0x08002600   0x08002600   0x0000005c   Code   RO         7544    i.lv_draw_get_buf   lv_draw.o
    0x0800265c   0x0800265c   0x00000098   Code   RO         7812    i.lv_draw_img       lv_draw_img.o
    0x080026f4   0x080026f4   0x000004e0   Code   RO         7905    i.lv_draw_label     lv_draw_label.o
    0x08002bd4   0x08002bd4   0x00000368   Code   RO         7704    i.lv_draw_letter    lv_draw_basic.o
    0x08002f3c   0x08002f3c   0x00000304   Code   RO         7705    i.lv_draw_map       lv_draw_basic.o
    0x08003240   0x08003240   0x000000d6   Code   RO         7706    i.lv_draw_px        lv_draw_basic.o
    0x08003316   0x08003316   0x00000090   Code   RO         8007    i.lv_draw_rect      lv_draw_rect.o
    0x080033a6   0x080033a6   0x000010b0   Code   RO         8008    i.lv_draw_rect_border_corner  lv_draw_rect.o
    0x08004456   0x08004456   0x00000472   Code   RO         8009    i.lv_draw_rect_border_straight  lv_draw_rect.o
    0x080048c8   0x080048c8   0x00000c28   Code   RO         8010    i.lv_draw_rect_main_corner  lv_draw_rect.o
    0x080054f0   0x080054f0   0x00000164   Code   RO         8011    i.lv_draw_rect_main_mid  lv_draw_rect.o
    0x08005654   0x08005654   0x000000ae   Code   RO         8012    i.lv_draw_shadow    lv_draw_rect.o
    0x08005702   0x08005702   0x00000272   Code   RO         8013    i.lv_draw_shadow_bottom  lv_draw_rect.o
    0x08005974   0x08005974   0x000003e6   Code   RO         8014    i.lv_draw_shadow_full  lv_draw_rect.o
    0x08005d5a   0x08005d5a   0x000001b2   Code   RO         8015    i.lv_draw_shadow_full_straight  lv_draw_rect.o
    0x08005f0c   0x08005f0c   0x00000024   Code   RO         6726    i.lv_event_send     lv_obj.o
    0x08005f30   0x08005f30   0x0000009c   Code   RO         6727    i.lv_event_send_func  lv_obj.o
    0x08005fcc   0x08005fcc   0x00000034   Code   RO         8386    i.lv_font_get_bitmap_fmt_txt  lv_font_fmt_txt.o
    0x08006000   0x08006000   0x00000010   Code   RO         8339    i.lv_font_get_glyph_bitmap  lv_font.o
    0x08006010   0x08006010   0x0000001e   Code   RO         8340    i.lv_font_get_glyph_dsc  lv_font.o
    0x0800602e   0x0800602e   0x00000084   Code   RO         8387    i.lv_font_get_glyph_dsc_fmt_txt  lv_font_fmt_txt.o
    0x080060b2   0x080060b2   0x00000026   Code   RO         8341    i.lv_font_get_glyph_width  lv_font.o
    0x080060d8   0x080060d8   0x0000006a   Code   RO         6244    i.lv_group_add_obj  lv_group.o
    0x08006142   0x08006142   0x00000002   PAD
    0x08006144   0x08006144   0x00000018   Code   RO         6248    i.lv_group_focus_next  lv_group.o
    0x0800615c   0x0800615c   0x00000018   Code   RO         6250    i.lv_group_focus_prev  lv_group.o
    0x08006174   0x08006174   0x00000016   Code   RO         6254    i.lv_group_get_focused  lv_group.o
    0x0800618a   0x0800618a   0x00000002   PAD
    0x0800618c   0x0800618c   0x00000010   Code   RO         6258    i.lv_group_init     lv_group.o
    0x0800619c   0x0800619c   0x0000003e   Code   RO         6259    i.lv_group_mod_style  lv_group.o
    0x080061da   0x080061da   0x00000046   Code   RO         6260    i.lv_group_refocus  lv_group.o
    0x08006220   0x08006220   0x00000068   Code   RO         8144    i.lv_img_cache_invalidate_src  lv_img_cache.o
    0x08006288   0x08006288   0x00000130   Code   RO         8145    i.lv_img_cache_open  lv_img_cache.o
    0x080063b8   0x080063b8   0x00000084   Code   RO         8146    i.lv_img_cache_set_size  lv_img_cache.o
    0x0800643c   0x0800643c   0x0000004c   Code   RO         7818    i.lv_img_color_format_get_px_size  lv_draw_img.o
    0x08006488   0x08006488   0x00000038   Code   RO         7819    i.lv_img_color_format_has_alpha  lv_draw_img.o
    0x080064c0   0x080064c0   0x0000002c   Code   RO         7820    i.lv_img_color_format_is_chroma_keyed  lv_draw_img.o
    0x080064ec   0x080064ec   0x00000100   Code   RO        11772    i.lv_img_create     lv_img.o
    0x080065ec   0x080065ec   0x00000020   Code   RO         8186    i.lv_img_decoder_built_in_close  lv_img_decoder.o
    0x0800660c   0x0800660c   0x0000007a   Code   RO         8187    i.lv_img_decoder_built_in_info  lv_img_decoder.o
    0x08006686   0x08006686   0x00000002   PAD
    0x08006688   0x08006688   0x000001c4   Code   RO         8188    i.lv_img_decoder_built_in_line_alpha  lv_img_decoder.o
    0x0800684c   0x0800684c   0x00000160   Code   RO         8189    i.lv_img_decoder_built_in_line_indexed  lv_img_decoder.o
    0x080069ac   0x080069ac   0x0000000a   Code   RO         8190    i.lv_img_decoder_built_in_line_true_color  lv_img_decoder.o
    0x080069b6   0x080069b6   0x00000126   Code   RO         8191    i.lv_img_decoder_built_in_open  lv_img_decoder.o
    0x08006adc   0x08006adc   0x000000c8   Code   RO         8192    i.lv_img_decoder_built_in_read_line  lv_img_decoder.o
    0x08006ba4   0x08006ba4   0x00000018   Code   RO         8193    i.lv_img_decoder_close  lv_img_decoder.o
    0x08006bbc   0x08006bbc   0x00000028   Code   RO         8194    i.lv_img_decoder_create  lv_img_decoder.o
    0x08006be4   0x08006be4   0x00000050   Code   RO         8196    i.lv_img_decoder_get_info  lv_img_decoder.o
    0x08006c34   0x08006c34   0x00000054   Code   RO         8197    i.lv_img_decoder_init  lv_img_decoder.o
    0x08006c88   0x08006c88   0x00000084   Code   RO         8198    i.lv_img_decoder_open  lv_img_decoder.o
    0x08006d0c   0x08006d0c   0x00000034   Code   RO         8199    i.lv_img_decoder_read_line  lv_img_decoder.o
    0x08006d40   0x08006d40   0x00000004   Code   RO         8200    i.lv_img_decoder_set_close_cb  lv_img_decoder.o
    0x08006d44   0x08006d44   0x00000004   Code   RO         8201    i.lv_img_decoder_set_info_cb  lv_img_decoder.o
    0x08006d48   0x08006d48   0x00000004   Code   RO         8202    i.lv_img_decoder_set_open_cb  lv_img_decoder.o
    0x08006d4c   0x08006d4c   0x00000004   Code   RO         8203    i.lv_img_decoder_set_read_line_cb  lv_img_decoder.o
    0x08006d50   0x08006d50   0x0000019c   Code   RO        11773    i.lv_img_design     lv_img.o
    0x08006eec   0x08006eec   0x00000184   Code   RO         7821    i.lv_img_draw_core  lv_draw_img.o
    0x08007070   0x08007070   0x00000014   Code   RO        11774    i.lv_img_get_auto_size  lv_img.o
    0x08007084   0x08007084   0x0000014a   Code   RO        11782    i.lv_img_set_src    lv_img.o
    0x080071ce   0x080071ce   0x00000002   PAD
    0x080071d0   0x080071d0   0x000000a4   Code   RO        11783    i.lv_img_signal     lv_img.o
    0x08007274   0x08007274   0x0000002a   Code   RO         7822    i.lv_img_src_get_type  lv_draw_img.o
    0x0800729e   0x0800729e   0x00000002   PAD
    0x080072a0   0x080072a0   0x00000038   Code   RO        16572    i.lv_img_test_start  lv_img_test.o
    0x080072d8   0x080072d8   0x0000000c   Code   RO         6541    i.lv_indev_get_act  lv_indev.o
    0x080072e4   0x080072e4   0x0000001c   Code   RO         9012    i.lv_indev_get_next  lv_hal_indev.o
    0x08007300   0x08007300   0x0000000a   Code   RO         6548    i.lv_indev_init     lv_indev.o
    0x0800730a   0x0800730a   0x0000003e   Code   RO         6551    i.lv_indev_reset    lv_indev.o
    0x08007348   0x08007348   0x00000058   Code   RO         6728    i.lv_init           lv_obj.o
    0x080073a0   0x080073a0   0x000000e4   Code   RO         7357    i.lv_inv_area       lv_refr.o
    0x08007484   0x08007484   0x00000070   Code   RO         9472    i.lv_ll_chg_list    lv_ll.o
    0x080074f4   0x080074f4   0x0000000a   Code   RO         9474    i.lv_ll_get_head    lv_ll.o
    0x080074fe   0x080074fe   0x00000016   Code   RO         9476    i.lv_ll_get_next    lv_ll.o
    0x08007514   0x08007514   0x00000014   Code   RO         9477    i.lv_ll_get_prev    lv_ll.o
    0x08007528   0x08007528   0x0000000a   Code   RO         9478    i.lv_ll_get_tail    lv_ll.o
    0x08007532   0x08007532   0x00000016   Code   RO         9479    i.lv_ll_init        lv_ll.o
    0x08007548   0x08007548   0x00000040   Code   RO         9480    i.lv_ll_ins_head    lv_ll.o
    0x08007588   0x08007588   0x00000072   Code   RO         9481    i.lv_ll_ins_prev    lv_ll.o
    0x080075fa   0x080075fa   0x00000046   Code   RO         9482    i.lv_ll_ins_tail    lv_ll.o
    0x08007640   0x08007640   0x0000006a   Code   RO         9484    i.lv_ll_move_before  lv_ll.o
    0x080076aa   0x080076aa   0x0000008a   Code   RO         9485    i.lv_ll_rem         lv_ll.o
    0x08007734   0x08007734   0x0000004c   Code   RO         9607    i.lv_mem_alloc      lv_mem.o
    0x08007780   0x08007780   0x00000074   Code   RO         9609    i.lv_mem_free       lv_mem.o
    0x080077f4   0x080077f4   0x00000020   Code   RO         9610    i.lv_mem_get_size   lv_mem.o
    0x08007814   0x08007814   0x00000028   Code   RO         9611    i.lv_mem_init       lv_mem.o
    0x0800783c   0x0800783c   0x0000006c   Code   RO         9613    i.lv_mem_realloc    lv_mem.o
    0x080078a8   0x080078a8   0x000003b2   Code   RO         6729    i.lv_obj_align      lv_obj.o
    0x08007c5a   0x08007c5a   0x000002f8   Code   RO         6730    i.lv_obj_align_origo  lv_obj.o
    0x08007f52   0x08007f52   0x00000014   Code   RO         6731    i.lv_obj_allocate_ext_attr  lv_obj.o
    0x08007f66   0x08007f66   0x00000002   PAD
    0x08007f68   0x08007f68   0x000002f4   Code   RO         6736    i.lv_obj_create     lv_obj.o
    0x0800825c   0x0800825c   0x000000c6   Code   RO         6740    i.lv_obj_design     lv_obj.o
    0x08008322   0x08008322   0x00000022   Code   RO         6742    i.lv_obj_get_child  lv_obj.o
    0x08008344   0x08008344   0x00000012   Code   RO         6745    i.lv_obj_get_coords  lv_obj.o
    0x08008356   0x08008356   0x00000002   PAD
    0x08008358   0x08008358   0x0000005c   Code   RO         6747    i.lv_obj_get_disp   lv_obj.o
    0x080083b4   0x080083b4   0x00000006   Code   RO         6753    i.lv_obj_get_ext_attr  lv_obj.o
    0x080083ba   0x080083ba   0x00000006   Code   RO         6759    i.lv_obj_get_group  lv_obj.o
    0x080083c0   0x080083c0   0x00000010   Code   RO         6760    i.lv_obj_get_height  lv_obj.o
    0x080083d0   0x080083d0   0x0000000c   Code   RO         6762    i.lv_obj_get_hidden  lv_obj.o
    0x080083dc   0x080083dc   0x00000028   Code   RO         6764    i.lv_obj_get_opa_scale  lv_obj.o
    0x08008404   0x08008404   0x00000006   Code   RO         6766    i.lv_obj_get_parent  lv_obj.o
    0x0800840a   0x0800840a   0x0000001a   Code   RO         6769    i.lv_obj_get_screen  lv_obj.o
    0x08008424   0x08008424   0x00000006   Code   RO         6770    i.lv_obj_get_signal_cb  lv_obj.o
    0x0800842a   0x0800842a   0x00000002   PAD
    0x0800842c   0x0800842c   0x00000070   Code   RO         6771    i.lv_obj_get_style  lv_obj.o
    0x0800849c   0x0800849c   0x00000010   Code   RO         6774    i.lv_obj_get_width  lv_obj.o
    0x080084ac   0x080084ac   0x00000018   Code   RO         6776    i.lv_obj_get_x      lv_obj.o
    0x080084c4   0x080084c4   0x00000018   Code   RO         6777    i.lv_obj_get_y      lv_obj.o
    0x080084dc   0x080084dc   0x000000ce   Code   RO         6778    i.lv_obj_invalidate  lv_obj.o
    0x080085aa   0x080085aa   0x0000001a   Code   RO         6779    i.lv_obj_is_focused  lv_obj.o
    0x080085c4   0x080085c4   0x00000012   Code   RO         6780    i.lv_obj_is_protected  lv_obj.o
    0x080085d6   0x080085d6   0x0000003e   Code   RO         6782    i.lv_obj_move_foreground  lv_obj.o
    0x08008614   0x08008614   0x0000003e   Code   RO         6783    i.lv_obj_realign    lv_obj.o
    0x08008652   0x08008652   0x0000001a   Code   RO         6784    i.lv_obj_refresh_ext_draw_pad  lv_obj.o
    0x0800866c   0x0800866c   0x0000001c   Code   RO         6785    i.lv_obj_refresh_style  lv_obj.o
    0x08008688   0x08008688   0x00000050   Code   RO         6786    i.lv_obj_report_style_mod  lv_obj.o
    0x080086d8   0x080086d8   0x00000012   Code   RO         6788    i.lv_obj_set_click  lv_obj.o
    0x080086ea   0x080086ea   0x00000004   Code   RO         6789    i.lv_obj_set_design_cb  lv_obj.o
    0x080086ee   0x080086ee   0x000000a2   Code   RO         6802    i.lv_obj_set_pos    lv_obj.o
    0x08008790   0x08008790   0x00000004   Code   RO         6804    i.lv_obj_set_signal_cb  lv_obj.o
    0x08008794   0x08008794   0x0000009e   Code   RO         6805    i.lv_obj_set_size   lv_obj.o
    0x08008832   0x08008832   0x00000016   Code   RO         6806    i.lv_obj_set_style  lv_obj.o
    0x08008848   0x08008848   0x00000068   Code   RO         6811    i.lv_obj_signal     lv_obj.o
    0x080088b0   0x080088b0   0x00000044   Code   RO        16295    i.lv_port_disp_init  lv_port_disp.o
    0x080088f4   0x080088f4   0x00000158   Code   RO         7358    i.lv_refr_area      lv_refr.o
    0x08008a4c   0x08008a4c   0x00000084   Code   RO         7359    i.lv_refr_area_part  lv_refr.o
    0x08008ad0   0x08008ad0   0x00000064   Code   RO         7360    i.lv_refr_areas     lv_refr.o
    0x08008b34   0x08008b34   0x0000000c   Code   RO         7361    i.lv_refr_get_disp_refreshing  lv_refr.o
    0x08008b40   0x08008b40   0x0000007e   Code   RO         7362    i.lv_refr_get_top_obj  lv_refr.o
    0x08008bbe   0x08008bbe   0x00000002   Code   RO         7363    i.lv_refr_init      lv_refr.o
    0x08008bc0   0x08008bc0   0x000000dc   Code   RO         7364    i.lv_refr_join_area  lv_refr.o
    0x08008c9c   0x08008c9c   0x00000100   Code   RO         7366    i.lv_refr_obj       lv_refr.o
    0x08008d9c   0x08008d9c   0x0000006c   Code   RO         7367    i.lv_refr_obj_and_children  lv_refr.o
    0x08008e08   0x08008e08   0x00000064   Code   RO         7369    i.lv_refr_vdb_flush  lv_refr.o
    0x08008e6c   0x08008e6c   0x00000012   Code   RO         7469    i.lv_style_copy     lv_style.o
    0x08008e7e   0x08008e7e   0x00000002   PAD
    0x08008e80   0x08008e80   0x00000558   Code   RO         7470    i.lv_style_init     lv_style.o
    0x080093d8   0x080093d8   0x00000018   Code   RO         9670    i.lv_task_core_init  lv_task.o
    0x080093f0   0x080093f0   0x0000003e   Code   RO         9671    i.lv_task_create    lv_task.o
    0x0800942e   0x0800942e   0x00000002   PAD
    0x08009430   0x08009430   0x000000a4   Code   RO         9672    i.lv_task_create_basic  lv_task.o
    0x080094d4   0x080094d4   0x00000030   Code   RO         9673    i.lv_task_del       lv_task.o
    0x08009504   0x08009504   0x0000000c   Code   RO         9674    i.lv_task_enable    lv_task.o
    0x08009510   0x08009510   0x00000050   Code   RO         9675    i.lv_task_exec      lv_task.o
    0x08009560   0x08009560   0x00000174   Code   RO         9677    i.lv_task_handler   lv_task.o
    0x080096d4   0x080096d4   0x00000012   Code   RO         9679    i.lv_task_ready     lv_task.o
    0x080096e6   0x080096e6   0x00000004   Code   RO         9681    i.lv_task_set_cb    lv_task.o
    0x080096ea   0x080096ea   0x00000004   Code   RO         9682    i.lv_task_set_period  lv_task.o
    0x080096ee   0x080096ee   0x00000002   PAD
    0x080096f0   0x080096f0   0x00000064   Code   RO         9683    i.lv_task_set_prio  lv_task.o
    0x08009754   0x08009754   0x00000018   Code   RO        14634    i.lv_theme_get_current  lv_theme.o
    0x0800976c   0x0800976c   0x0000001a   Code   RO         9098    i.lv_tick_elaps     lv_hal_tick.o
    0x08009786   0x08009786   0x00000002   PAD
    0x08009788   0x08009788   0x00000020   Code   RO         9099    i.lv_tick_get       lv_hal_tick.o
    0x080097a8   0x080097a8   0x0000001c   Code   RO         9100    i.lv_tick_inc       lv_hal_tick.o
    0x080097c4   0x080097c4   0x00000120   Code   RO         9771    i.lv_txt_get_next_line  lv_txt.o
    0x080098e4   0x080098e4   0x000000cc   Code   RO         9772    i.lv_txt_get_size   lv_txt.o
    0x080099b0   0x080099b0   0x00000090   Code   RO         9773    i.lv_txt_get_width  lv_txt.o
    0x08009a40   0x08009a40   0x00000048   Code   RO         9775    i.lv_txt_is_cmd     lv_txt.o
    0x08009a88   0x08009a88   0x000000a4   Code   RO         9776    i.lv_txt_unicode_to_utf8  lv_txt.o
    0x08009b2c   0x08009b2c   0x0000003e   Code   RO         9777    i.lv_txt_utf8_conv_wc  lv_txt.o
    0x08009b6a   0x08009b6a   0x00000002   PAD
    0x08009b6c   0x08009b6c   0x00000028   Code   RO         9778    i.lv_txt_utf8_get_byte_id  lv_txt.o
    0x08009b94   0x08009b94   0x00000028   Code   RO         9779    i.lv_txt_utf8_get_char_id  lv_txt.o
    0x08009bbc   0x08009bbc   0x00000028   Code   RO         9780    i.lv_txt_utf8_get_length  lv_txt.o
    0x08009be4   0x08009be4   0x00000148   Code   RO         9781    i.lv_txt_utf8_next  lv_txt.o
    0x08009d2c   0x08009d2c   0x00000060   Code   RO         9782    i.lv_txt_utf8_prev  lv_txt.o
    0x08009d8c   0x08009d8c   0x0000003c   Code   RO         9783    i.lv_txt_utf8_size  lv_txt.o
    0x08009dc8   0x08009dc8   0x00000054   Code   RO         9865    i.lv_utils_bsearch  lv_utils.o
    0x08009e1c   0x08009e1c   0x00000014   Code   RO            5    i.main              main.o
    0x08009e30   0x08009e30   0x00000030   Code   RO         9487    i.node_set_next     lv_ll.o
    0x08009e60   0x08009e60   0x0000002c   Code   RO         9488    i.node_set_prev     lv_ll.o
    0x08009e8c   0x08009e8c   0x0000002c   Code   RO         6272    i.obj_to_foreground  lv_group.o
    0x08009eb8   0x08009eb8   0x00000050   Code   RO         6813    i.refresh_children_position  lv_obj.o
    0x08009f08   0x08009f08   0x00000042   Code   RO         6814    i.refresh_children_style  lv_obj.o
    0x08009f4a   0x08009f4a   0x0000003c   Code   RO         6815    i.report_style_mod_core  lv_obj.o
    0x08009f86   0x08009f86   0x00000148   Code   RO         7707    i.sw_color_fill     lv_draw_basic.o
    0x0800a0ce   0x0800a0ce   0x00000050   Code   RO         7708    i.sw_mem_blend      lv_draw_basic.o
    0x0800a11e   0x0800a11e   0x00000002   PAD
    0x0800a120   0x0800a120   0x000000ac   Code   RO         5418    i.uart_init         usart.o
    0x0800a1cc   0x0800a1cc   0x0000000a   Code   RO         8388    i.unicode_list_compare  lv_font_fmt_txt.o
    0x0800a1d6   0x0800a1d6   0x0000000a   Code   RO        16766    x$fpl$fpinit        fz_wm.l(fpinit.o)
    0x0800a1e0   0x0800a1e0   0x00000016   Data   RO         7475    .constdata          lv_style.o
    0x0800a1f6   0x0800a1f6   0x00000024   Data   RO         7545    .constdata          lv_draw.o
    0x0800a21a   0x0800a21a   0x00000011   Data   RO         8016    .constdata          lv_draw_rect.o
    0x0800a22b   0x0800a22b   0x00000001   PAD
    0x0800a22c   0x0800a22c   0x000023bc   Data   RO         8680    .constdata          lv_font_roboto_16.o
    0x0800c5e8   0x0800c5e8   0x00000002   Data   RO         8843    .constdata          lv_hal_disp.o
    0x0800c5ea   0x0800c5ea   0x00000002   PAD
    0x0800c5ec   0x0800c5ec   0x0001c20c   Data   RO        16632    .constdata          img_2233.o
    0x080287f8   0x080287f8   0x00000020   Data   RO        16830    Region$$Table       anon$$obj.o


    Execution Region RW_IRAM1 (Exec base: 0x20000000, Load base: 0x08028818, Size: 0x000088c8, Max: 0x00020000, ABSOLUTE, COMPRESSED[0x00000668])

    Exec Addr    Load Addr    Size         Type   Attr      Idx    E Section Name        Object

    0x20000000   COMPRESSED   0x00000010   Data   RW         3290    .data               stm32f4xx_rcc.o
    0x20000010   COMPRESSED   0x00000004   Data   RW         5375    .data               delay.o
    0x20000014   COMPRESSED   0x00000006   Data   RW         5420    .data               usart.o
    0x2000001a   COMPRESSED   0x00000001   Data   RW         5492    .data               key.o
    0x2000001b   COMPRESSED   0x00000001   PAD
    0x2000001c   COMPRESSED   0x00000004   Data   RW         5668    .data               tft.o
    0x20000020   COMPRESSED   0x00000008   Data   RW         6557    .data               lv_indev.o
    0x20000028   COMPRESSED   0x0000000c   Data   RW         6816    .data               lv_obj.o
    0x20000034   COMPRESSED   0x00000008   Data   RW         7370    .data               lv_refr.o
    0x2000003c   COMPRESSED   0x00000024   Data   RW         7546    .data               lv_draw.o
    0x20000060   COMPRESSED   0x00000002   Data   RW         8147    .data               lv_img_cache.o
    0x20000062   COMPRESSED   0x00000002   PAD
    0x20000064   COMPRESSED   0x00000bcc   Data   RW         8681    .data               lv_font_roboto_16.o
    0x20000c30   COMPRESSED   0x00000004   Data   RW         8844    .data               lv_hal_disp.o
    0x20000c34   COMPRESSED   0x00000005   Data   RW         9101    .data               lv_hal_tick.o
    0x20000c39   COMPRESSED   0x00000003   PAD
    0x20000c3c   COMPRESSED   0x00000005   Data   RW         9148    .data               lv_anim.o
    0x20000c41   COMPRESSED   0x00000003   PAD
    0x20000c44   COMPRESSED   0x0000000c   Data   RW         9447    .data               lv_gc.o
    0x20000c50   COMPRESSED   0x00000008   Data   RW         9615    .data               lv_mem.o
    0x20000c58   COMPRESSED   0x00000014   Data   RW         9684    .data               lv_task.o
    0x20000c6c   COMPRESSED   0x00000020   Data   RW         9784    .data               lv_txt.o
    0x20000c8c   COMPRESSED   0x00000004   Data   RW        11784    .data               lv_img.o
    0x20000c90   COMPRESSED   0x00000001   Data   RW        14637    .data               lv_theme.o
    0x20000c91   COMPRESSED   0x00000003   PAD
    0x20000c94        -       0x000000c8   Zero   RW         5419    .bss                usart.o
    0x20000d5c        -       0x0000030c   Zero   RW         7474    .bss                lv_style.o
    0x20001068        -       0x00000060   Zero   RW         9446    .bss                lv_gc.o
    0x200010c8        -       0x00004000   Zero   RW         9614    .bss                lv_mem.o
    0x200050c8        -       0x00001a88   Zero   RW        14636    .bss                lv_theme.o
    0x20006b50        -       0x000012dc   Zero   RW        16296    .bss                lv_port_disp.o
    0x20007e2c        -       0x0000003c   Zero   RW        16573    .bss                lv_img_test.o
    0x20007e68        -       0x00000060   Zero   RW        16708    .bss                c_w.l(libspace.o)
    0x20007ec8        -       0x00000200   Zero   RW          543    HEAP                startup_stm32f411xe.o
    0x200080c8        -       0x00000800   Zero   RW          542    STACK               startup_stm32f411xe.o


==============================================================================

Image component sizes


      Code (inc. data)   RO Data    RW Data    ZI Data      Debug   Object Name

       192         12          0          4          0       1920   delay.o
         0          0     115212          0          0        560   img_2233.o
       228         12          0          1          0       1234   key.o
       112          8          0          0          0        551   led.o
       432         34          0          5          0      13792   lv_anim.o
         0          0          0          0          0      21062   lv_arc.o
       406          0          0          0          0       5341   lv_area.o
        98          0          0          0          0       2837   lv_circ.o
        66          0          0          0          0      20800   lv_disp.o
       180         20         36         36          0      18427   lv_draw.o
      2562         24          0          0          0      25953   lv_draw_basic.o
       772         40          0          0          0      14830   lv_draw_img.o
      1342         24          0          0          0      11774   lv_draw_label.o
     11568         16         17          0          0      25969   lv_draw_rect.o
        84          0          0          0          0       3593   lv_font.o
       886         16          0          0          0       8745   lv_font_fmt_txt.o
         0          0          0          0          0       1740   lv_font_roboto_12.o
         0          0       9148       3020          0       1988   lv_font_roboto_16.o
         0          0          0         12         96       7882   lv_gc.o
       614         20          0          0          0      28933   lv_group.o
       522         32          2          4          0      28800   lv_hal_disp.o
        28          4          0          0          0      18322   lv_hal_indev.o
        86         20          0          5          0       2304   lv_hal_tick.o
      1182         32          0          4          0       6288   lv_img.o
       540         34          0          2          0       3542   lv_img_cache.o
      1890         60          0          0          0      20050   lv_img_decoder.o
       160         10          0          0         60       2506   lv_img_test.o
        84          6          0          8          0      15042   lv_indev.o
       780          0          0          0          0       9425   lv_ll.o
       544         32          0          8      16384       6230   lv_mem.o
      4594        100          0         12          0      41664   lv_obj.o
       108         12          0          0       4828      22710   lv_port_disp.o
      2018         52          0          8          0      11287   lv_refr.o
      1434         68         22          0        780       8058   lv_style.o
       888         90          0         20          0       7982   lv_task.o
        24         10          0          1       6792      25465   lv_theme.o
      1538         48          0         32          0      13263   lv_txt.o
        84          0          0          0          0        935   lv_utils.o
        76          0          0          0          0     268795   main.o
       180         24          0          0          0       2033   misc.o
       100         18          0          0          0       1017   rtc.o
       240         16          0          0          0       1237   spi.o
        64         26        408          0       2560        828   startup_stm32f411xe.o
        12          6          0          0          0        529   stm32f4xx_exti.o
       222          0          0          0          0       2823   stm32f4xx_gpio.o
        24          0          0          0          0       3532   stm32f4xx_it.o
       360         42          0         16          0       5184   stm32f4xx_rcc.o
        68         12          0          0          0       1140   stm32f4xx_rtc.o
       112          0          0          0          0       3430   stm32f4xx_spi.o
       214         28          0          0          0       3606   stm32f4xx_tim.o
       404          8          0          0          0       4190   stm32f4xx_usart.o
       260         34          0          0          0        969   system_stm32f4xx.o
      1072         54          0          4          0       7016   tft.o
       144         12          0          0          0      21860   timer.o
       340         28          0          6        200       4212   usart.o

    ----------------------------------------------------------------------
     39994       1144     124880       3220      31700     794205   Object Totals
         0          0         32          0          0          0   (incl. Generated)
        56          0          3         12          0          0   (incl. Padding)

    ----------------------------------------------------------------------

      Code (inc. data)   RO Data    RW Data    ZI Data      Debug   Library Member Name

        90          0          0          0          0          0   __dczerorl2.o
         8          0          0          0          0         68   __main.o
        40          0          0          0          0         84   __printf_nopercent.o
         0          0          0          0          0          0   __rtentry.o
        12          0          0          0          0          0   __rtentry2.o
         6          0          0          0          0          0   __rtentry4.o
        52          8          0          0          0          0   __scatter.o
        28          0          0          0          0          0   __scatter_zi.o
        48          6          0          0          0         96   _printf_char_common.o
        36          4          0          0          0         80   _printf_char_file.o
        16          0          0          0          0         68   aeabi_memset.o
        18          0          0          0          0         80   exit.o
         8          0          0          0          0         68   ferror.o
         6          0          0          0          0        152   heapauxi.o
         2          0          0          0          0          0   libinit.o
         6          0          0          0          0          0   libinit2.o
         2          0          0          0          0          0   libshutdown.o
         2          0          0          0          0          0   libshutdown2.o
         8          4          0          0         96         68   libspace.o
        24          4          0          0          0         84   noretval__2printf.o
        68          0          0          0          0         68   rt_memclr.o
        78          0          0          0          0         80   rt_memclr_w.o
       138          0          0          0          0         68   rt_memcpy_v6.o
       100          0          0          0          0         80   rt_memcpy_w.o
         2          0          0          0          0          0   rtexit.o
        10          0          0          0          0          0   rtexit2.o
        72          0          0          0          0         80   strcpy.o
        62          0          0          0          0         76   strlen.o
        74          0          0          0          0         80   sys_stackheap_outer.o
         2          0          0          0          0         68   use_no_semi.o
         2          0          0          0          0         68   use_no_semi_2.o
        10          0          0          0          0        116   fpinit.o

    ----------------------------------------------------------------------
      1038         26          0          0         96       1632   Library Totals
         8          0          0          0          0          0   (incl. Padding)

    ----------------------------------------------------------------------

      Code (inc. data)   RO Data    RW Data    ZI Data      Debug   Library Name

      1020         26          0          0         96       1516   c_w.l
        10          0          0          0          0        116   fz_wm.l

    ----------------------------------------------------------------------
      1038         26          0          0         96       1632   Library Totals

    ----------------------------------------------------------------------

==============================================================================


      Code (inc. data)   RO Data    RW Data    ZI Data      Debug   

     41032       1170     124880       3220      31796     766357   Grand Totals
     41032       1170     124880       1640      31796     766357   ELF Image Totals (compressed)
     41032       1170     124880       1640          0          0   ROM Totals

==============================================================================

    Total RO  Size (Code + RO Data)               165912 ( 162.02kB)
    Total RW  Size (RW Data + ZI Data)             35016 (  34.20kB)
    Total ROM Size (Code + RO Data + RW Data)     167552 ( 163.63kB)

==============================================================================

